Starting build of type regular ... 
Building Haiku Nightly 
qrencode support not available on x86 
...patience...
...patience...
...patience...
...patience...
...patience...
...patience...
...patience...
...patience...
...patience...
...patience...
...patience...
...patience...
...patience...
...patience...
...found 137363 target(s)...
...updating 940 target(s)...
InitScript1 /home/xinyx/software/Edison/haiku/generated/haiku.image-init-vars 
InitScript1 /home/xinyx/software/Edison/haiku/generated/objects/haiku/x86/packaging/packages_build/regular/hpkg_-haiku_loader.hpkg/scripts/haiku.package-init-vars 
InitScript1 /home/xinyx/software/Edison/haiku/generated/objects/haiku/x86/packaging/packages_build/regular/hpkg_-haiku_loader.hpkg/scripts/haiku.package-make-dirs 
InitScript1 /home/xinyx/software/Edison/haiku/generated/objects/haiku/x86/packaging/packages_build/regular/hpkg_-haiku_loader.hpkg/scripts/haiku.package-copy-files 
AddTargetVariableToScript1 <unique!target>_target_871 
AddTargetVariableToScript1 <unique!target>_target_971 
AddTargetVariableToScript1 <unique!target>_target_081 
AddTargetVariableToScript1 <unique!target>_target_181 
AppendToContainerCopyFilesScript <hpkg_-haiku_loader.hpkg>haiku.package-copy-files-dummy-. 
AddTargetVariableToScript1 <unique!target>_target_43 
CreateContainerMakeDirectoriesScript1 /home/xinyx/software/Edison/haiku/generated/objects/haiku/x86/packaging/packages_build/regular/hpkg_-haiku_loader.hpkg/scripts/haiku.package-make-dirs 
AddTargetVariableToScript1 <unique!target>_target_281 
InitScript1 /home/xinyx/software/Edison/haiku/generated/objects/haiku/x86/packaging/packages_build/regular/hpkg_-haiku_loader.hpkg/scripts/haiku.package-extract-files 
AddTargetVariableToScript1 <unique!target>_target_53 
InitScript1 /home/xinyx/software/Edison/haiku/generated/objects/haiku/x86/packaging/packages_build/regular/hpkg_-haiku.hpkg/scripts/haiku.package-init-vars 
AddTargetVariableToScript1 <unique!target>_target_381 
AddTargetVariableToScript1 <unique!target>_target_63 
AddTargetVariableToScript1 <unique!target>_target_73 
AddTargetVariableToScript1 <unique!target>_target_481 
AddTargetVariableToScript1 <unique!target>_target_83 
AddTargetVariableToScript1 <unique!target>_target_581 
AddTargetVariableToScript1 <unique!target>_target_93 
AddTargetVariableToScript1 <unique!target>_target_681 
AddTargetVariableToScript1 <unique!target>_target_04 
AddTargetVariableToScript1 <unique!target>_target_781 
InitScript1 /home/xinyx/software/Edison/haiku/generated/objects/haiku/x86/packaging/packages_build/regular/hpkg_-haiku.hpkg/scripts/haiku.package-make-dirs 
AddTargetVariableToScript1 <unique!target>_target_14 
AddTargetVariableToScript1 <unique!target>_target_881 
AddTargetVariableToScript1 <unique!target>_target_24 
AddTargetVariableToScript1 <unique!target>_target_981 
AddTargetVariableToScript1 <unique!target>_target_88 
AddVariableToScript1 /home/xinyx/software/Edison/haiku/generated/objects/haiku/x86/packaging/packages_build/regular/hpkg_-haiku_loader.hpkg/scripts/haiku.package-init-vars 
AddTargetVariableToScript1 <unique!target>_target_091 
AddTargetVariableToScript1 <unique!target>_target_98 
BuildHaikuPackage1 /home/xinyx/software/Edison/haiku/generated/objects/haiku/x86/packaging/packages/haiku_loader.hpkg 
InitScript1 /home/xinyx/software/Edison/haiku/generated/objects/haiku/x86/packaging/packages_build/regular/hpkg_-haiku.hpkg/scripts/haiku.package-copy-files 
AddTargetVariableToScript1 <unique!target>_target_09 
AddTargetVariableToScript1 <unique!target>_target_19 
haiku_loader.hpkg: Removing and re-creating package contents dir ...
CreateContainerMakeDirectoriesScript1 /home/xinyx/software/Edison/haiku/generated/objects/haiku/x86/packaging/packages_build/regular/hpkg_-haiku.hpkg/scripts/haiku.package-make-dirs 
AddTargetVariableToScript1 <unique!target>_target_29 
haiku_loader.hpkg: Collecting package contents ...
haiku_loader.hpkg: mimeset'ing package contents ...
haiku_loader.hpkg: Creating the package ...
GenerateKeymapLocalizationHeader1 /home/xinyx/software/Edison/haiku/generated/objects/common/data/keymaps/KeymapNames.h 
AppendToContainerCopyFilesScript <hpkg_-haiku.hpkg>haiku.package-copy-files-dummy-data/firmware/iprowifi2100 
AddTargetVariableToScript1 <unique!target>_target_39 
AppendToContainerCopyFilesScript <hpkg_-haiku.hpkg>haiku.package-copy-files-dummy-data/firmware/iprowifi2200 
C++ /home/xinyx/software/Edison/haiku/generated/objects/haiku/x86/release/preferences/keymap/KeymapWindow.o 
AddTargetVariableToScript1 <unique!target>_target_49 
AppendToContainerCopyFilesScript <hpkg_-haiku.hpkg>haiku.package-copy-files-dummy-add-ons/kernel/bus_managers 
AddTargetVariableToScript1 <unique!target>_target_59 
AddTargetVariableToScript1 <unique!target>_target_69 
AddDirectoryToContainerCopyFilesScript <hpkg_-haiku.hpkg>data/mime_db/-/<mimedb-app->usb_mimedb 
C++ /home/xinyx/software/Edison/haiku/generated/objects/haiku/x86/release/add-ons/translators/tiff/TIFFTranslator.o 
AddVariableToScript1 /home/xinyx/software/Edison/haiku/generated/objects/haiku/x86/packaging/packages_build/regular/hpkg_-haiku.hpkg/scripts/haiku.package-init-vars 
AddDirectoryToContainerCopyFilesScript <hpkg_-haiku.hpkg>data/mime_db/-/<mimedb-app-<usb>uhci_mimedb 
C++ /home/xinyx/software/Edison/haiku/generated/objects/haiku/x86/release/add-ons/translators/tiff/TIFFView.o 
AddDirectoryToContainerCopyFilesScript <hpkg_-haiku.hpkg>data/mime_db/-/<mimedb-app-<usb>ohci_mimedb 
AddDirectoryToContainerCopyFilesScript <hpkg_-haiku.hpkg>data/mime_db/-/<mimedb-app-<usb>ehci_mimedb 
AddDirectoryToContainerCopyFilesScript <hpkg_-haiku.hpkg>data/mime_db/-/<mimedb-app->libbe.so_mimedb 
AddDirectoryToContainerCopyFilesScript <hpkg_-haiku.hpkg>data/mime_db/-/<mimedb-app->libmail.so_mimedb 
AddDirectoryToContainerCopyFilesScript <hpkg_-haiku.hpkg>data/mime_db/-/<mimedb-app->libtextencoding.so_mimedb 
AddDirectoryToContainerCopyFilesScript <hpkg_-haiku.hpkg>data/mime_db/-/<mimedb-app->libtracker.so_mimedb 
AddDirectoryToContainerCopyFilesScript <hpkg_-haiku.hpkg>data/mime_db/-/<mimedb-app->app_server_mimedb 
AddDirectoryToContainerCopyFilesScript <hpkg_-haiku.hpkg>data/mime_db/-/<mimedb-app->debug_server_mimedb 
AddDirectoryToContainerCopyFilesScript <hpkg_-haiku.hpkg>data/mime_db/-/<mimedb-app->dns_resolver_server_mimedb 
AddDirectoryToContainerCopyFilesScript <hpkg_-haiku.hpkg>data/mime_db/-/<mimedb-app->input_server_mimedb 
AddDirectoryToContainerCopyFilesScript <hpkg_-haiku.hpkg>data/mime_db/-/<mimedb-app->keystore_server_mimedb 
AddDirectoryToContainerCopyFilesScript <hpkg_-haiku.hpkg>data/mime_db/-/<mimedb-app->mount_server_mimedb 
AddDirectoryToContainerCopyFilesScript <hpkg_-haiku.hpkg>data/mime_db/-/<mimedb-app->net_server_mimedb 
AddDirectoryToContainerCopyFilesScript <hpkg_-haiku.hpkg>data/mime_db/-/<mimedb-app->notification_server_mimedb 
AddDirectoryToContainerCopyFilesScript <hpkg_-haiku.hpkg>data/mime_db/-/<mimedb-app->package_daemon_mimedb 
AddDirectoryToContainerCopyFilesScript <hpkg_-haiku.hpkg>data/mime_db/-/<mimedb-app->power_daemon_mimedb 
AddDirectoryToContainerCopyFilesScript <hpkg_-haiku.hpkg>data/mime_db/-/<mimedb-app->registrar_mimedb 
AddDirectoryToContainerCopyFilesScript <hpkg_-haiku.hpkg>data/mime_db/-/<mimedb-app->syslog_daemon_mimedb 
AddDirectoryToContainerCopyFilesScript <hpkg_-haiku.hpkg>data/mime_db/-/<mimedb-app->cddb_daemon_mimedb 
AddDirectoryToContainerCopyFilesScript <hpkg_-haiku.hpkg>data/mime_db/-/<mimedb-app->mail_daemon_mimedb 
AddDirectoryToContainerCopyFilesScript <hpkg_-haiku.hpkg>data/mime_db/-/<mimedb-app->media_addon_server_mimedb 
AddDirectoryToContainerCopyFilesScript <hpkg_-haiku.hpkg>data/mime_db/-/<mimedb-app->media_server_mimedb 
AddDirectoryToContainerCopyFilesScript <hpkg_-haiku.hpkg>data/mime_db/-/<mimedb-app->midi_server_mimedb 
AddDirectoryToContainerCopyFilesScript <hpkg_-haiku.hpkg>data/mime_db/-/<mimedb-app->nfs4_idmapper_server_mimedb 
AddDirectoryToContainerCopyFilesScript <hpkg_-haiku.hpkg>data/mime_db/-/<mimedb-app->print_server_mimedb 
AddDirectoryToContainerCopyFilesScript <hpkg_-haiku.hpkg>data/mime_db/-/<mimedb-app->print_addon_server_mimedb 
AddDirectoryToContainerCopyFilesScript <hpkg_-haiku.hpkg>data/mime_db/-/<mimedb-app->Deskbar_mimedb 
AddDirectoryToContainerCopyFilesScript <hpkg_-haiku.hpkg>data/mime_db/-/<mimedb-app->Tracker_mimedb 
AddDirectoryToContainerCopyFilesScript <hpkg_-haiku.hpkg>data/mime_db/-/<mimedb-app->alert_mimedb 
AddDirectoryToContainerCopyFilesScript <hpkg_-haiku.hpkg>data/mime_db/-/<mimedb-app->bc_mimedb 
AddDirectoryToContainerCopyFilesScript <hpkg_-haiku.hpkg>data/mime_db/-/<mimedb-app->beep_mimedb 
AddDirectoryToContainerCopyFilesScript <hpkg_-haiku.hpkg>data/mime_db/-/<mimedb-app->bfsinfo_mimedb 
AddDirectoryToContainerCopyFilesScript <hpkg_-haiku.hpkg>data/mime_db/-/<mimedb-app->catattr_mimedb 
AddDirectoryToContainerCopyFilesScript <hpkg_-haiku.hpkg>data/mime_db/-/<mimedb-app->checkfs_mimedb 
AddDirectoryToContainerCopyFilesScript <hpkg_-haiku.hpkg>data/mime_db/-/<mimedb-app->checkitout_mimedb 
AddDirectoryToContainerCopyFilesScript <hpkg_-haiku.hpkg>data/mime_db/-/<mimedb-app->chop_mimedb 
AddDirectoryToContainerCopyFilesScript <hpkg_-haiku.hpkg>data/mime_db/-/<mimedb-app->clear_mimedb 
AddDirectoryToContainerCopyFilesScript <hpkg_-haiku.hpkg>data/mime_db/-/<mimedb-app->clockconfig_mimedb 
AddDirectoryToContainerCopyFilesScript <hpkg_-haiku.hpkg>data/mime_db/-/<mimedb-app->cmp_mimedb 
AddDirectoryToContainerCopyFilesScript <hpkg_-haiku.hpkg>data/mime_db/-/<mimedb-app->copyattr_mimedb 
AddDirectoryToContainerCopyFilesScript <hpkg_-haiku.hpkg>data/mime_db/-/<mimedb-app->dc_mimedb 
AddDirectoryToContainerCopyFilesScript <hpkg_-haiku.hpkg>data/mime_db/-/<mimedb-app->desklink_mimedb 
AddDirectoryToContainerCopyFilesScript <hpkg_-haiku.hpkg>data/mime_db/-/<mimedb-app->df_mimedb 
AddDirectoryToContainerCopyFilesScript <hpkg_-haiku.hpkg>data/mime_db/-/<mimedb-app->diff_mimedb 
AddDirectoryToContainerCopyFilesScript <hpkg_-haiku.hpkg>data/mime_db/-/<mimedb-app->diff3_mimedb 
...on 100th target...
AddDirectoryToContainerCopyFilesScript <hpkg_-haiku.hpkg>data/mime_db/-/<mimedb-app->diskimage_mimedb 
AddDirectoryToContainerCopyFilesScript <hpkg_-haiku.hpkg>data/mime_db/-/<mimedb-app->draggers_mimedb 
AddDirectoryToContainerCopyFilesScript <hpkg_-haiku.hpkg>data/mime_db/-/<mimedb-app->driveinfo_mimedb 
AddDirectoryToContainerCopyFilesScript <hpkg_-haiku.hpkg>data/mime_db/-/<mimedb-app->dstcheck_mimedb 
AddDirectoryToContainerCopyFilesScript <hpkg_-haiku.hpkg>data/mime_db/-/<mimedb-app->eject_mimedb 
AddDirectoryToContainerCopyFilesScript <hpkg_-haiku.hpkg>data/mime_db/-/<mimedb-app->error_mimedb 
AddDirectoryToContainerCopyFilesScript <hpkg_-haiku.hpkg>data/mime_db/-/<mimedb-app->fdinfo_mimedb 
AddDirectoryToContainerCopyFilesScript <hpkg_-haiku.hpkg>data/mime_db/-/<mimedb-app->ffm_mimedb 
AddDirectoryToContainerCopyFilesScript <hpkg_-haiku.hpkg>data/mime_db/-/<mimedb-app->filepanel_mimedb 
AddDirectoryToContainerCopyFilesScript <hpkg_-haiku.hpkg>data/mime_db/-/<mimedb-app->finddir_mimedb 
AddDirectoryToContainerCopyFilesScript <hpkg_-haiku.hpkg>data/mime_db/-/<mimedb-app->findpaths_mimedb 
AddDirectoryToContainerCopyFilesScript <hpkg_-haiku.hpkg>data/mime_db/-/<mimedb-app->fortune_mimedb 
AddDirectoryToContainerCopyFilesScript <hpkg_-haiku.hpkg>data/mime_db/-/<mimedb-app->fstrim_mimedb 
AddDirectoryToContainerCopyFilesScript <hpkg_-haiku.hpkg>data/mime_db/-/<mimedb-app->getarch_mimedb 
AddDirectoryToContainerCopyFilesScript <hpkg_-haiku.hpkg>data/mime_db/-/<mimedb-app->hd_mimedb 
AddDirectoryToContainerCopyFilesScript <hpkg_-haiku.hpkg>data/mime_db/-/<mimedb-app->hey_mimedb 
AddDirectoryToContainerCopyFilesScript <hpkg_-haiku.hpkg>data/mime_db/-/<mimedb-app->iroster_mimedb 
AddDirectoryToContainerCopyFilesScript <hpkg_-haiku.hpkg>data/mime_db/-/<mimedb-app->isvolume_mimedb 
AddDirectoryToContainerCopyFilesScript <hpkg_-haiku.hpkg>data/mime_db/-/<mimedb-app->keymap_mimedb 
AddDirectoryToContainerCopyFilesScript <hpkg_-haiku.hpkg>data/mime_db/-/<mimedb-app->keystore_mimedb 
AddDirectoryToContainerCopyFilesScript <hpkg_-haiku.hpkg>data/mime_db/-/<mimedb-app->listarea_mimedb 
AddDirectoryToContainerCopyFilesScript <hpkg_-haiku.hpkg>data/mime_db/-/<mimedb-app->listattr_mimedb 
AddDirectoryToContainerCopyFilesScript <hpkg_-haiku.hpkg>data/mime_db/-/<mimedb-app->listimage_mimedb 
AddDirectoryToContainerCopyFilesScript <hpkg_-haiku.hpkg>data/mime_db/-/<mimedb-app->listport_mimedb 
AddDirectoryToContainerCopyFilesScript <hpkg_-haiku.hpkg>data/mime_db/-/<mimedb-app->listres_mimedb 
AddDirectoryToContainerCopyFilesScript <hpkg_-haiku.hpkg>data/mime_db/-/<mimedb-app->listsem_mimedb 
AddDirectoryToContainerCopyFilesScript <hpkg_-haiku.hpkg>data/mime_db/-/<mimedb-app->listusb_mimedb 
AddDirectoryToContainerCopyFilesScript <hpkg_-haiku.hpkg>data/mime_db/-/<mimedb-app->logger_mimedb 
AddDirectoryToContainerCopyFilesScript <hpkg_-haiku.hpkg>data/mime_db/-/<mimedb-app->lsindex_mimedb 
AddDirectoryToContainerCopyFilesScript <hpkg_-haiku.hpkg>data/mime_db/-/<mimedb-app->makebootable_mimedb 
AddDirectoryToContainerCopyFilesScript <hpkg_-haiku.hpkg>data/mime_db/-/<mimedb-app->message_mimedb 
AddDirectoryToContainerCopyFilesScript <hpkg_-haiku.hpkg>data/mime_db/-/<mimedb-app->mimeset_mimedb 
AddDirectoryToContainerCopyFilesScript <hpkg_-haiku.hpkg>data/mime_db/-/<mimedb-app->mkindex_mimedb 
AddDirectoryToContainerCopyFilesScript <hpkg_-haiku.hpkg>data/mime_db/-/<mimedb-app->modifiers_mimedb 
AddDirectoryToContainerCopyFilesScript <hpkg_-haiku.hpkg>data/mime_db/-/<mimedb-app->mount_mimedb 
AddDirectoryToContainerCopyFilesScript <hpkg_-haiku.hpkg>data/mime_db/-/<mimedb-app->mountvolume_mimedb 
AddDirectoryToContainerCopyFilesScript <hpkg_-haiku.hpkg>data/mime_db/-/<mimedb-app->notify_mimedb 
AddDirectoryToContainerCopyFilesScript <hpkg_-haiku.hpkg>data/mime_db/-/<mimedb-app->open_mimedb 
AddDirectoryToContainerCopyFilesScript <hpkg_-haiku.hpkg>data/mime_db/-/<mimedb-app->prio_mimedb 
AddDirectoryToContainerCopyFilesScript <hpkg_-haiku.hpkg>data/mime_db/-/<mimedb-app->ps_mimedb 
AddDirectoryToContainerCopyFilesScript <hpkg_-haiku.hpkg>data/mime_db/-/<mimedb-app->query_mimedb 
AddDirectoryToContainerCopyFilesScript <hpkg_-haiku.hpkg>data/mime_db/-/<mimedb-app->quit_mimedb 
AddDirectoryToContainerCopyFilesScript <hpkg_-haiku.hpkg>data/mime_db/-/<mimedb-app->reindex_mimedb 
AddDirectoryToContainerCopyFilesScript <hpkg_-haiku.hpkg>data/mime_db/-/<mimedb-app->release_mimedb 
AddDirectoryToContainerCopyFilesScript <hpkg_-haiku.hpkg>data/mime_db/-/<mimedb-app->renice_mimedb 
AddDirectoryToContainerCopyFilesScript <hpkg_-haiku.hpkg>data/mime_db/-/<mimedb-app->resattr_mimedb 
AddDirectoryToContainerCopyFilesScript <hpkg_-haiku.hpkg>data/mime_db/-/<mimedb-app->rmattr_mimedb 
AddDirectoryToContainerCopyFilesScript <hpkg_-haiku.hpkg>data/mime_db/-/<mimedb-app->rmindex_mimedb 
AddDirectoryToContainerCopyFilesScript <hpkg_-haiku.hpkg>data/mime_db/-/<mimedb-app->roster_mimedb 
AddDirectoryToContainerCopyFilesScript <hpkg_-haiku.hpkg>data/mime_db/-/<mimedb-app->safemode_mimedb 
AddDirectoryToContainerCopyFilesScript <hpkg_-haiku.hpkg>data/mime_db/-/<mimedb-app->screen_blanker_mimedb 
AddDirectoryToContainerCopyFilesScript <hpkg_-haiku.hpkg>data/mime_db/-/<mimedb-app->screeninfo_mimedb 
AddDirectoryToContainerCopyFilesScript <hpkg_-haiku.hpkg>data/mime_db/-/<mimedb-app->sdiff_mimedb 
AddDirectoryToContainerCopyFilesScript <hpkg_-haiku.hpkg>data/mime_db/-/<mimedb-app->setarch_mimedb 
AddDirectoryToContainerCopyFilesScript <hpkg_-haiku.hpkg>data/mime_db/-/<mimedb-app->setmime_mimedb 
AddDirectoryToContainerCopyFilesScript <hpkg_-haiku.hpkg>data/mime_db/-/<mimedb-app->settype_mimedb 
AddDirectoryToContainerCopyFilesScript <hpkg_-haiku.hpkg>data/mime_db/-/<mimedb-app->setversion_mimedb 
AddDirectoryToContainerCopyFilesScript <hpkg_-haiku.hpkg>data/mime_db/-/<mimedb-app->setvolume_mimedb 
AddDirectoryToContainerCopyFilesScript <hpkg_-haiku.hpkg>data/mime_db/-/<mimedb-app->shutdown_mimedb 
AddDirectoryToContainerCopyFilesScript <hpkg_-haiku.hpkg>data/mime_db/-/<mimedb-app->su_mimedb 
AddDirectoryToContainerCopyFilesScript <hpkg_-haiku.hpkg>data/mime_db/-/<mimedb-app->sysinfo_mimedb 
AddDirectoryToContainerCopyFilesScript <hpkg_-haiku.hpkg>data/mime_db/-/<mimedb-app->top_mimedb 
AddDirectoryToContainerCopyFilesScript <hpkg_-haiku.hpkg>data/mime_db/-/<mimedb-app->trash_mimedb 
AddDirectoryToContainerCopyFilesScript <hpkg_-haiku.hpkg>data/mime_db/-/<mimedb-app->unchop_mimedb 
AddDirectoryToContainerCopyFilesScript <hpkg_-haiku.hpkg>data/mime_db/-/<mimedb-app->unmount_mimedb 
AddDirectoryToContainerCopyFilesScript <hpkg_-haiku.hpkg>data/mime_db/-/<mimedb-app->uptime_mimedb 
AddDirectoryToContainerCopyFilesScript <hpkg_-haiku.hpkg>data/mime_db/-/<mimedb-app->urlwrapper_mimedb 
AddDirectoryToContainerCopyFilesScript <hpkg_-haiku.hpkg>data/mime_db/-/<mimedb-app->version_mimedb 
AddDirectoryToContainerCopyFilesScript <hpkg_-haiku.hpkg>data/mime_db/-/<mimedb-app->vmstat_mimedb 
AddDirectoryToContainerCopyFilesScript <hpkg_-haiku.hpkg>data/mime_db/-/<mimedb-app->waitfor_mimedb 
AddDirectoryToContainerCopyFilesScript <hpkg_-haiku.hpkg>data/mime_db/-/<mimedb-app->watch_mimedb 
AddDirectoryToContainerCopyFilesScript <hpkg_-haiku.hpkg>data/mime_db/-/<mimedb-app->xres_mimedb 
AddDirectoryToContainerCopyFilesScript <hpkg_-haiku.hpkg>data/mime_db/-/<mimedb-app->clipboard_mimedb 
AddDirectoryToContainerCopyFilesScript <hpkg_-haiku.hpkg>data/mime_db/-/<mimedb-app->CortexAddOnHost_mimedb 
AddDirectoryToContainerCopyFilesScript <hpkg_-haiku.hpkg>data/mime_db/-/<mimedb-app->FirstBootPrompt_mimedb 
AddDirectoryToContainerCopyFilesScript <hpkg_-haiku.hpkg>data/mime_db/-/<mimedb-app->installsound_mimedb 
AddDirectoryToContainerCopyFilesScript <hpkg_-haiku.hpkg>data/mime_db/-/<mimedb-app->mail2mbox_mimedb 
AddDirectoryToContainerCopyFilesScript <hpkg_-haiku.hpkg>data/mime_db/-/<mimedb-app->mbox2mail_mimedb 
AddDirectoryToContainerCopyFilesScript <hpkg_-haiku.hpkg>data/mime_db/-/<mimedb-app->play_mimedb 
AddDirectoryToContainerCopyFilesScript <hpkg_-haiku.hpkg>data/mime_db/-/<mimedb-app->screenshot_mimedb 
AddDirectoryToContainerCopyFilesScript <hpkg_-haiku.hpkg>data/mime_db/-/<mimedb-app->setdecor_mimedb 
AddDirectoryToContainerCopyFilesScript <hpkg_-haiku.hpkg>data/mime_db/-/<mimedb-app->spamdbm_mimedb 
AddDirectoryToContainerCopyFilesScript <hpkg_-haiku.hpkg>data/mime_db/-/<mimedb-app->translate_mimedb 
AddDirectoryToContainerCopyFilesScript <hpkg_-haiku.hpkg>data/mime_db/-/<mimedb-app->AboutSystem_mimedb 
AddDirectoryToContainerCopyFilesScript <hpkg_-haiku.hpkg>data/mime_db/-/<mimedb-app->ActivityMonitor_mimedb 
AddDirectoryToContainerCopyFilesScript <hpkg_-haiku.hpkg>data/mime_db/-/<mimedb-app->BootManager_mimedb 
AddDirectoryToContainerCopyFilesScript <hpkg_-haiku.hpkg>data/mime_db/-/<mimedb-app->CharacterMap_mimedb 
AddDirectoryToContainerCopyFilesScript <hpkg_-haiku.hpkg>data/mime_db/-/<mimedb-app->Debugger_mimedb 
AddDirectoryToContainerCopyFilesScript <hpkg_-haiku.hpkg>data/mime_db/-/<mimedb-app->DeskCalc_mimedb 
AddDirectoryToContainerCopyFilesScript <hpkg_-haiku.hpkg>data/mime_db/-/<mimedb-app->Devices_mimedb 
AddDirectoryToContainerCopyFilesScript <hpkg_-haiku.hpkg>data/mime_db/-/<mimedb-app->DiskProbe_mimedb 
AddDirectoryToContainerCopyFilesScript <hpkg_-haiku.hpkg>data/mime_db/-/<mimedb-app->DiskUsage_mimedb 
AddDirectoryToContainerCopyFilesScript <hpkg_-haiku.hpkg>data/mime_db/-/<mimedb-app->DriveSetup_mimedb 
AddDirectoryToContainerCopyFilesScript <hpkg_-haiku.hpkg>data/mime_db/-/<mimedb-app->Expander_mimedb 
AddDirectoryToContainerCopyFilesScript <hpkg_-haiku.hpkg>data/mime_db/-/<mimedb-app->NetworkStatus_mimedb 
AddDirectoryToContainerCopyFilesScript <hpkg_-haiku.hpkg>data/mime_db/-/<mimedb-app->ProcessController_mimedb 
AddDirectoryToContainerCopyFilesScript <hpkg_-haiku.hpkg>data/mime_db/-/<mimedb-app->ShowImage_mimedb 
AddDirectoryToContainerCopyFilesScript <hpkg_-haiku.hpkg>data/mime_db/-/<mimedb-app->StyledEdit_mimedb 
AddDirectoryToContainerCopyFilesScript <hpkg_-haiku.hpkg>data/mime_db/-/<mimedb-app->Terminal_mimedb 
AddDirectoryToContainerCopyFilesScript <hpkg_-haiku.hpkg>data/mime_db/-/<mimedb-app->TextSearch_mimedb 
...on 200th target...
AddDirectoryToContainerCopyFilesScript <hpkg_-haiku.hpkg>data/mime_db/-/<mimedb-app->Workspaces_mimedb 
AddDirectoryToContainerCopyFilesScript <hpkg_-haiku.hpkg>data/mime_db/-/<mimedb-app->CodyCam_mimedb 
AddDirectoryToContainerCopyFilesScript <hpkg_-haiku.hpkg>data/mime_db/-/<mimedb-app->GLInfo_mimedb 
AddDirectoryToContainerCopyFilesScript <hpkg_-haiku.hpkg>data/mime_db/-/<mimedb-app->HaikuDepot_mimedb 
AddDirectoryToContainerCopyFilesScript <hpkg_-haiku.hpkg>data/mime_db/-/<mimedb-app->Icon-O-Matic_mimedb 
AddDirectoryToContainerCopyFilesScript <hpkg_-haiku.hpkg>data/mime_db/-/<mimedb-app->Installer_mimedb 
AddDirectoryToContainerCopyFilesScript <hpkg_-haiku.hpkg>data/mime_db/-/<mimedb-app->LaunchBox_mimedb 
AddDirectoryToContainerCopyFilesScript <hpkg_-haiku.hpkg>data/mime_db/-/<mimedb-app->Magnify_mimedb 
AddDirectoryToContainerCopyFilesScript <hpkg_-haiku.hpkg>data/mime_db/-/<mimedb-app->Mail_mimedb 
AddDirectoryToContainerCopyFilesScript <hpkg_-haiku.hpkg>data/mime_db/-/<mimedb-app->MediaConverter_mimedb 
AddDirectoryToContainerCopyFilesScript <hpkg_-haiku.hpkg>data/mime_db/-/<mimedb-app->MediaPlayer_mimedb 
AddDirectoryToContainerCopyFilesScript <hpkg_-haiku.hpkg>data/mime_db/-/<mimedb-app->MidiPlayer_mimedb 
AddDirectoryToContainerCopyFilesScript <hpkg_-haiku.hpkg>data/mime_db/-/<mimedb-app->PackageInstaller_mimedb 
AddDirectoryToContainerCopyFilesScript <hpkg_-haiku.hpkg>data/mime_db/-/<mimedb-app->People_mimedb 
AddDirectoryToContainerCopyFilesScript <hpkg_-haiku.hpkg>data/mime_db/-/<mimedb-app->PoorMan_mimedb 
AddDirectoryToContainerCopyFilesScript <hpkg_-haiku.hpkg>data/mime_db/-/<mimedb-app->PowerStatus_mimedb 
AddDirectoryToContainerCopyFilesScript <hpkg_-haiku.hpkg>data/mime_db/-/<mimedb-app->RemoteDesktop_mimedb 
AddDirectoryToContainerCopyFilesScript <hpkg_-haiku.hpkg>data/mime_db/-/<mimedb-app->Screenshot_mimedb 
AddDirectoryToContainerCopyFilesScript <hpkg_-haiku.hpkg>data/mime_db/-/<mimedb-app->SerialConnect_mimedb 
AddDirectoryToContainerCopyFilesScript <hpkg_-haiku.hpkg>data/mime_db/-/<mimedb-app->SoundRecorder_mimedb 
AddDirectoryToContainerCopyFilesScript <hpkg_-haiku.hpkg>data/mime_db/-/<mimedb-app->TV_mimedb 
AddDirectoryToContainerCopyFilesScript <hpkg_-haiku.hpkg>data/mime_db/-/<mimedb-app->WebWatch_mimedb 
AddDirectoryToContainerCopyFilesScript <hpkg_-haiku.hpkg>data/mime_db/-/<mimedb-app->Appearance_mimedb 
AddDirectoryToContainerCopyFilesScript <hpkg_-haiku.hpkg>data/mime_db/-/<mimedb-app->Backgrounds_mimedb 
AddDirectoryToContainerCopyFilesScript <hpkg_-haiku.hpkg>data/mime_db/-/<mimedb-app-<preference>Deskbar_mimedb 
AddDirectoryToContainerCopyFilesScript <hpkg_-haiku.hpkg>data/mime_db/-/<mimedb-app->FileTypes_mimedb 
ExtractCatalogEntries1 /home/xinyx/software/Edison/haiku/generated/objects/catalogs/preferences/keymap/en.catkeys 
AddDirectoryToContainerCopyFilesScript <hpkg_-haiku.hpkg>data/mime_db/-/<mimedb-app->Keyboard_mimedb 
C++ /home/xinyx/software/Edison/haiku/generated/objects/haiku/x86/release/add-ons/kernel/network/devices/loopback/loopback.o 
LinkApplicationCatalog1 /home/xinyx/software/Edison/haiku/generated/objects/catalogs/preferences/keymap/en.catalog 
InitScript1 /home/xinyx/software/Edison/haiku/generated/objects/haiku/x86/packaging/packages_build/regular/hpkg_-haiku.hpkg/scripts/haiku.package-extract-files 
AddExtractFileToContainerExtractFilesScript <hpkg_-haiku.hpkg>haiku.package-extract-files-dummy-data/firmware/iprowifi3945-/home/xinyx/software/Edison/haiku/data/system/data/firmware/iprowifi3945/iwlwifi-3945-ucode-15.32.2.9.tgz 
Link /home/xinyx/software/Edison/haiku/generated/objects/haiku/x86/release/add-ons/translators/tiff/TIFFTranslator 
Link /home/xinyx/software/Edison/haiku/generated/objects/haiku/x86/release/add-ons/kernel/network/devices/loopback/loopback 
AddExtractFileToContainerExtractFilesScript <hpkg_-haiku.hpkg>haiku.package-extract-files-dummy-data/firmware/iprowifi4965-/home/xinyx/software/Edison/haiku/data/system/data/firmware/iprowifi4965/iwlwifi-1000-ucode-39.31.5.1.tgz 
AddExtractFileToContainerExtractFilesScript <hpkg_-haiku.hpkg>haiku.package-extract-files-dummy-data/firmware/iprowifi4965-/home/xinyx/software/Edison/haiku/data/system/data/firmware/iprowifi4965/iwlwifi-4965-ucode-228.61.2.24.tgz 
AddExtractFileToContainerExtractFilesScript <hpkg_-haiku.hpkg>haiku.package-extract-files-dummy-data/firmware/iprowifi4965-/home/xinyx/software/Edison/haiku/data/system/data/firmware/iprowifi4965/iwlwifi-5000-ucode-8.83.5.1.tgz 
AddExtractFileToContainerExtractFilesScript <hpkg_-haiku.hpkg>haiku.package-extract-files-dummy-data/firmware/iprowifi4965-/home/xinyx/software/Edison/haiku/data/system/data/firmware/iprowifi4965/iwlwifi-5150-ucode-8.24.2.2.tgz 
AddExtractFileToContainerExtractFilesScript <hpkg_-haiku.hpkg>haiku.package-extract-files-dummy-data/firmware/iprowifi4965-/home/xinyx/software/Edison/haiku/data/system/data/firmware/iprowifi4965/iwlwifi-6000-ucode-9.221.4.1.tgz 
AddExtractFileToContainerExtractFilesScript <hpkg_-haiku.hpkg>haiku.package-extract-files-dummy-data/firmware/iprowifi4965-/home/xinyx/software/Edison/haiku/data/system/data/firmware/iprowifi4965/iwlwifi-6000g2a-ucode-18.168.6.1.tgz 
AddExtractFileToContainerExtractFilesScript <hpkg_-haiku.hpkg>haiku.package-extract-files-dummy-data/firmware/iprowifi4965-/home/xinyx/software/Edison/haiku/data/system/data/firmware/iprowifi4965/iwlwifi-6000g2b-ucode-18.168.6.1.tgz 
AddExtractFileToContainerExtractFilesScript <hpkg_-haiku.hpkg>haiku.package-extract-files-dummy-data/firmware/iprowifi4965-/home/xinyx/software/Edison/haiku/data/system/data/firmware/iprowifi4965/iwlwifi-6050-ucode-41.28.5.1.tgz 
AddExtractFileToContainerExtractFilesScript <hpkg_-haiku.hpkg>haiku.package-extract-files-dummy-data/firmware/marvell88w8363-/home/xinyx/software/Edison/haiku/data/system/data/firmware/marvell88w8363/88w8363-fw-3.6.2.2.zip 
AddExtractFileToContainerExtractFilesScript <hpkg_-haiku.hpkg>haiku.package-extract-files-dummy-data/firmware/ralinkwifi-/home/xinyx/software/Edison/haiku/data/system/data/firmware/ralinkwifi/RT61_Firmware_V1.2.zip 
AddExtractFileToContainerExtractFilesScript <hpkg_-haiku.hpkg>haiku.package-extract-files-dummy-data/firmware/ralinkwifi-/home/xinyx/software/Edison/haiku/data/system/data/firmware/ralinkwifi/RT2860_Firmware_V26.zip 
SetType1 /home/xinyx/software/Edison/haiku/generated/objects/haiku/x86/release/add-ons/kernel/network/devices/loopback/loopback 
InitScript1 /home/xinyx/software/Edison/haiku/generated/objects/haiku/x86/packaging/packages_build/regular/hpkg_-haiku_devel.hpkg/scripts/haiku.package-init-vars 
MimeSet1 /home/xinyx/software/Edison/haiku/generated/objects/haiku/x86/release/add-ons/kernel/network/devices/loopback/loopback 
AddTargetVariableToScript1 <unique!target>_target_52 
AddTargetVariableToScript1 <unique!target>_target_62 
AddTargetVariableToScript1 <unique!target>_target_72 
AddTargetVariableToScript1 <unique!target>_target_82 
AddTargetVariableToScript1 <unique!target>_target_92 
AddTargetVariableToScript1 <unique!target>_target_03 
AddTargetVariableToScript1 <unique!target>_target_13 
AddTargetVariableToScript1 <unique!target>_target_23 
AddTargetVariableToScript1 <unique!target>_target_33 
AddVariableToScript1 /home/xinyx/software/Edison/haiku/generated/objects/haiku/x86/packaging/packages_build/regular/hpkg_-haiku_devel.hpkg/scripts/haiku.package-init-vars 
InitScript1 /home/xinyx/software/Edison/haiku/generated/objects/haiku/x86/packaging/packages_build/regular/hpkg_-haiku_devel.hpkg/scripts/haiku.package-make-dirs 
CreateContainerMakeDirectoriesScript1 /home/xinyx/software/Edison/haiku/generated/objects/haiku/x86/packaging/packages_build/regular/hpkg_-haiku_devel.hpkg/scripts/haiku.package-make-dirs 
XRes1 /home/xinyx/software/Edison/haiku/generated/objects/haiku/x86/release/add-ons/translators/tiff/TIFFTranslator 
InitScript1 /home/xinyx/software/Edison/haiku/generated/objects/haiku/x86/packaging/packages_build/regular/hpkg_-haiku_devel.hpkg/scripts/haiku.package-copy-files 
SetType1 /home/xinyx/software/Edison/haiku/generated/objects/haiku/x86/release/add-ons/translators/tiff/TIFFTranslator 
AppendToContainerCopyFilesScriptSingleFile <hpkg_-haiku_devel.hpkg>haiku.package-copy-files-dummy-develop/lib-kernel.so 
AppendToContainerCopyFilesScript <hpkg_-haiku_devel.hpkg>haiku.package-copy-files-dummy-develop/lib 
AddSymlinkToContainerCopyFilesScript <hpkg_-haiku_devel.hpkg>develop/lib/libroot.so 
AddSymlinkToContainerCopyFilesScript <hpkg_-haiku_devel.hpkg>develop/lib/libalm.so 
AddSymlinkToContainerCopyFilesScript <hpkg_-haiku_devel.hpkg>develop/lib/libbe.so 
AddSymlinkToContainerCopyFilesScript <hpkg_-haiku_devel.hpkg>develop/lib/libbsd.so 
MimeSet1 /home/xinyx/software/Edison/haiku/generated/objects/haiku/x86/release/add-ons/translators/tiff/TIFFTranslator 
AddSymlinkToContainerCopyFilesScript <hpkg_-haiku_devel.hpkg>develop/lib/libbnetapi.so 
AddSymlinkToContainerCopyFilesScript <hpkg_-haiku_devel.hpkg>develop/lib/libdebug.so 
AddSymlinkToContainerCopyFilesScript <hpkg_-haiku_devel.hpkg>develop/lib/libdevice.so 
AddSymlinkToContainerCopyFilesScript <hpkg_-haiku_devel.hpkg>develop/lib/libgame.so 
AddSymlinkToContainerCopyFilesScript <hpkg_-haiku_devel.hpkg>develop/lib/libglut.so 
AddSymlinkToContainerCopyFilesScript <hpkg_-haiku_devel.hpkg>develop/lib/libgnu.so 
AddSymlinkToContainerCopyFilesScript <hpkg_-haiku_devel.hpkg>develop/lib/libmail.so 
AddSymlinkToContainerCopyFilesScript <hpkg_-haiku_devel.hpkg>develop/lib/libmedia.so 
AddSymlinkToContainerCopyFilesScript <hpkg_-haiku_devel.hpkg>develop/lib/libmidi.so 
AddSymlinkToContainerCopyFilesScript <hpkg_-haiku_devel.hpkg>develop/lib/libmidi2.so 
AddSymlinkToContainerCopyFilesScript <hpkg_-haiku_devel.hpkg>develop/lib/libnetwork.so 
AddSymlinkToContainerCopyFilesScript <hpkg_-haiku_devel.hpkg>develop/lib/libpackage.so 
AddSymlinkToContainerCopyFilesScript <hpkg_-haiku_devel.hpkg>develop/lib/libscreensaver.so 
AddSymlinkToContainerCopyFilesScript <hpkg_-haiku_devel.hpkg>develop/lib/libtextencoding.so 
AddSymlinkToContainerCopyFilesScript <hpkg_-haiku_devel.hpkg>develop/lib/libtracker.so 
AddSymlinkToContainerCopyFilesScript <hpkg_-haiku_devel.hpkg>develop/lib/libtranslation.so 
AddSymlinkToContainerCopyFilesScript <hpkg_-haiku_devel.hpkg>develop/lib/libroot_debug.so 
SetVersion1 /home/xinyx/software/Edison/haiku/generated/objects/haiku/x86/release/add-ons/kernel/network/devices/loopback/loopback 
AddSymlinkToContainerCopyFilesScript <hpkg_-haiku_devel.hpkg>develop/lib/libroot_guarded.so 
AppendToContainerCopyFilesScript <hpkg_-haiku_devel.hpkg>haiku.package-copy-files-dummy-lib 
AddDirectoryToContainerCopyFilesScript <hpkg_-haiku_devel.hpkg>develop/headers/config/-/<copy-directory-to-container>/home/xinyx/software/Edison/haiku/headers/config 
AddDirectoryToContainerCopyFilesScript <hpkg_-haiku_devel.hpkg>develop/headers/glibc/-/<copy-directory-to-container>/home/xinyx/software/Edison/haiku/headers/glibc 
AddDirectoryToContainerCopyFilesScript <hpkg_-haiku_devel.hpkg>develop/headers/alm/-/<copy-directory-to-container>/home/xinyx/software/Edison/haiku/headers/libs/alm 
AddDirectoryToContainerCopyFilesScript <hpkg_-haiku_devel.hpkg>develop/headers/os/-/<copy-directory-to-container>/home/xinyx/software/Edison/haiku/headers/os 
Chmod1 /home/xinyx/software/Edison/haiku/generated/objects/haiku/x86/release/add-ons/kernel/network/devices/loopback/loopback 
AddDirectoryToContainerCopyFilesScript <hpkg_-haiku_devel.hpkg>develop/headers/posix/-/<copy-directory-to-container>/home/xinyx/software/Edison/haiku/headers/posix 
AddDirectoryToContainerCopyFilesScript <hpkg_-haiku_devel.hpkg>develop/headers/private/-/<copy-directory-to-container>/home/xinyx/software/Edison/haiku/headers/private 
AddDirectoryToContainerCopyFilesScript <hpkg_-haiku_devel.hpkg>develop/headers/private/libs/compat/freebsd_network/-/<copy-directory-to-container>/home/xinyx/software/Edison/haiku/src/libs/compat/freebsd_network 
InitScript1 /home/xinyx/software/Edison/haiku/generated/objects/haiku/x86/packaging/packages_build/regular/hpkg_-haiku_devel.hpkg/scripts/haiku.package-extract-files 
AddDirectoryToContainerCopyFilesScript <hpkg_-haiku_devel.hpkg>develop/headers/private/libs/compat/freebsd_wlan/-/<copy-directory-to-container>/home/xinyx/software/Edison/haiku/src/libs/compat/freebsd_wlan 
AddDirectoryToContainerCopyFilesScript <hpkg_-haiku_devel.hpkg>develop/headers/private/libs/compat/linux_hello/-/<copy-directory-to-container>/home/xinyx/software/Edison/haiku/src/libs/compat/linux_hello 
InitScript1 /home/xinyx/software/Edison/haiku/generated/objects/haiku/x86/packaging/packages_build/regular/hpkg_-makefile_engine.hpkg/scripts/haiku.package-init-vars 
AddDirectoryToContainerCopyFilesScript <hpkg_-haiku_devel.hpkg>develop/headers/private/libs/compat/linux_snull/-/<copy-directory-to-container>/home/xinyx/software/Edison/haiku/src/libs/compat/linux_snull 
AddSymlinkToContainerCopyFilesScript <hpkg_-haiku_devel.hpkg>develop/headers/be 
AddDirectoryToContainerCopyFilesScript <hpkg_-haiku_devel.hpkg>develop/headers/bsd/-/<copy-directory-to-container>/home/xinyx/software/Edison/haiku/headers/compatibility/bsd 
AddTargetVariableToScript1 <unique!target>_target_16 
AddDirectoryToContainerCopyFilesScript <hpkg_-haiku_devel.hpkg>develop/headers/gnu/-/<copy-directory-to-container>/home/xinyx/software/Edison/haiku/headers/compatibility/gnu 
...on 300th target...
AddSymlinkToContainerCopyFilesScript <hpkg_-haiku_devel.hpkg>data/deskbar/menu/Applications/Debugger 
AddTargetVariableToScript1 <unique!target>_target_26 
AppendToContainerCopyFilesScript <hpkg_-haiku_devel.hpkg>haiku.package-copy-files-dummy-bin 
AddTargetVariableToScript1 <unique!target>_target_36 
BuildHaikuPackage1 /home/xinyx/software/Edison/haiku/generated/objects/haiku/x86/packaging/packages/haiku_devel.hpkg 
AddTargetVariableToScript1 <unique!target>_target_46 
AddTargetVariableToScript1 <unique!target>_target_56 
AddTargetVariableToScript1 <unique!target>_target_66 
haiku_devel.hpkg: Removing and re-creating package contents dir ...
AddTargetVariableToScript1 <unique!target>_target_76 
AddTargetVariableToScript1 <unique!target>_target_86 
AddTargetVariableToScript1 <unique!target>_target_96 
AddVariableToScript1 /home/xinyx/software/Edison/haiku/generated/objects/haiku/x86/packaging/packages_build/regular/hpkg_-makefile_engine.hpkg/scripts/haiku.package-init-vars 
InitScript1 /home/xinyx/software/Edison/haiku/generated/objects/haiku/x86/packaging/packages_build/regular/hpkg_-makefile_engine.hpkg/scripts/haiku.package-make-dirs 
CreateContainerMakeDirectoriesScript1 /home/xinyx/software/Edison/haiku/generated/objects/haiku/x86/packaging/packages_build/regular/hpkg_-makefile_engine.hpkg/scripts/haiku.package-make-dirs 
InitScript1 /home/xinyx/software/Edison/haiku/generated/objects/haiku/x86/packaging/packages_build/regular/hpkg_-makefile_engine.hpkg/scripts/haiku.package-copy-files 
AppendToContainerCopyFilesScript <hpkg_-makefile_engine.hpkg>haiku.package-copy-files-dummy-develop/etc 
InitScript1 /home/xinyx/software/Edison/haiku/generated/objects/haiku/x86/packaging/packages_build/regular/hpkg_-makefile_engine.hpkg/scripts/haiku.package-extract-files 
BuildHaikuPackage1 /home/xinyx/software/Edison/haiku/generated/objects/haiku/x86/packaging/packages/makefile_engine.hpkg 
makefile_engine.hpkg: Removing and re-creating package contents dir ...
makefile_engine.hpkg: Collecting package contents ...
SetVersion1 /home/xinyx/software/Edison/haiku/generated/objects/haiku/x86/release/add-ons/translators/tiff/TIFFTranslator 
makefile_engine.hpkg: mimeset'ing package contents ...
Chmod1 /home/xinyx/software/Edison/haiku/generated/objects/haiku/x86/release/add-ons/translators/tiff/TIFFTranslator 
CreateAppMimeDBEntries1 /home/xinyx/software/Edison/haiku/generated/objects/haiku/x86/release/add-ons/translators/tiff/TIFFTranslator_mimedb 
InitScript1 /home/xinyx/software/Edison/haiku/generated/objects/haiku/x86/packaging/packages_build/regular/hpkg_-webpositive.hpkg/scripts/haiku.package-init-vars 
AddTargetVariableToScript1 <unique!target>_target_151 
AddTargetVariableToScript1 <unique!target>_target_251 
AddTargetVariableToScript1 <unique!target>_target_351 
AddTargetVariableToScript1 <unique!target>_target_451 
AddTargetVariableToScript1 <unique!target>_target_551 
AddTargetVariableToScript1 <unique!target>_target_651 
AddTargetVariableToScript1 <unique!target>_target_751 
AddTargetVariableToScript1 <unique!target>_target_851 
AddTargetVariableToScript1 <unique!target>_target_951 
AddVariableToScript1 /home/xinyx/software/Edison/haiku/generated/objects/haiku/x86/packaging/packages_build/regular/hpkg_-webpositive.hpkg/scripts/haiku.package-init-vars 
InitScript1 /home/xinyx/software/Edison/haiku/generated/objects/haiku/x86/packaging/packages_build/regular/hpkg_-webpositive.hpkg/scripts/haiku.package-make-dirs 
CreateContainerMakeDirectoriesScript1 /home/xinyx/software/Edison/haiku/generated/objects/haiku/x86/packaging/packages_build/regular/hpkg_-webpositive.hpkg/scripts/haiku.package-make-dirs 
InitScript1 /home/xinyx/software/Edison/haiku/generated/objects/haiku/x86/packaging/packages_build/regular/hpkg_-webpositive.hpkg/scripts/haiku.package-copy-files 
AppendToContainerCopyFilesScript <hpkg_-webpositive.hpkg>haiku.package-copy-files-dummy-apps 
AppendToContainerCopyFilesScript <hpkg_-webpositive.hpkg>haiku.package-copy-files-dummy-data/locale/catalogs/x-vnd.Haiku-WebPositive 
AddDirectoryToContainerCopyFilesScript <hpkg_-webpositive.hpkg>data/mime_db/-/<mimedb-app->WebPositive_mimedb 
AddSymlinkToContainerCopyFilesScript <hpkg_-webpositive.hpkg>data/deskbar/menu/Applications/WebPositive 
InitScript1 /home/xinyx/software/Edison/haiku/generated/objects/haiku/x86/packaging/packages_build/regular/hpkg_-webpositive.hpkg/scripts/haiku.package-extract-files 
BuildHaikuPackage1 /home/xinyx/software/Edison/haiku/generated/objects/haiku/x86/packaging/packages/webpositive.hpkg 
webpositive.hpkg: Removing and re-creating package contents dir ...
makefile_engine.hpkg: Creating the package ...
webpositive.hpkg: Collecting package contents ...
InitScript1 /home/xinyx/software/Edison/haiku/generated/objects/haiku/x86/packaging/repositories/Haiku-repository-init-vars 
AddTargetVariableToScript1 <unique!target>_target_32 
haiku_devel.hpkg: Collecting package contents ...
AddTargetVariableToScript1 <unique!target>_target_42 
AddVariableToScript1 /home/xinyx/software/Edison/haiku/generated/objects/haiku/x86/packaging/repositories/Haiku-repository-init-vars 
InitScript1 /home/xinyx/software/Edison/haiku/generated/objects/haiku/x86/packaging/packages_build/regular/hpkg_-haiku_userguide.hpkg/scripts/haiku.package-init-vars 
AddTargetVariableToScript1 <unique!target>_target_34 
Link /home/xinyx/software/Edison/haiku/generated/objects/haiku/x86/release/preferences/keymap/Keymap 
AddTargetVariableToScript1 <unique!target>_target_44 
AddTargetVariableToScript1 <unique!target>_target_54 
AddTargetVariableToScript1 <unique!target>_target_64 
AddTargetVariableToScript1 <unique!target>_target_74 
AddTargetVariableToScript1 <unique!target>_target_84 
AddTargetVariableToScript1 <unique!target>_target_94 
webpositive.hpkg: mimeset'ing package contents ...
AddTargetVariableToScript1 <unique!target>_target_05 
AddTargetVariableToScript1 <unique!target>_target_15 
AddVariableToScript1 /home/xinyx/software/Edison/haiku/generated/objects/haiku/x86/packaging/packages_build/regular/hpkg_-haiku_userguide.hpkg/scripts/haiku.package-init-vars 
InitScript1 /home/xinyx/software/Edison/haiku/generated/objects/haiku/x86/packaging/packages_build/regular/hpkg_-haiku_userguide.hpkg/scripts/haiku.package-make-dirs 
CreateContainerMakeDirectoriesScript1 /home/xinyx/software/Edison/haiku/generated/objects/haiku/x86/packaging/packages_build/regular/hpkg_-haiku_userguide.hpkg/scripts/haiku.package-make-dirs 
InitScript1 /home/xinyx/software/Edison/haiku/generated/objects/haiku/x86/packaging/packages_build/regular/hpkg_-haiku_userguide.hpkg/scripts/haiku.package-copy-files 
AddDirectoryToContainerCopyFilesScript <hpkg_-haiku_userguide.hpkg>documentation/userguide/-/<copy-directory-to-container>/home/xinyx/software/Edison/haiku/docs/userguide 
AppendToContainerCopyFilesScript <hpkg_-haiku_userguide.hpkg>haiku.package-copy-files-dummy-bin 
InitScript1 /home/xinyx/software/Edison/haiku/generated/objects/haiku/x86/packaging/packages_build/regular/hpkg_-haiku_userguide.hpkg/scripts/haiku.package-extract-files 
BuildHaikuPackage1 /home/xinyx/software/Edison/haiku/generated/objects/haiku/x86/packaging/packages/haiku_userguide.hpkg 
haiku_userguide.hpkg: Removing and re-creating package contents dir ...
webpositive.hpkg: Creating the package ...
XRes1 /home/xinyx/software/Edison/haiku/generated/objects/haiku/x86/release/preferences/keymap/Keymap 
SetType1 /home/xinyx/software/Edison/haiku/generated/objects/haiku/x86/release/preferences/keymap/Keymap 
MimeSet1 /home/xinyx/software/Edison/haiku/generated/objects/haiku/x86/release/preferences/keymap/Keymap 
SetVersion1 /home/xinyx/software/Edison/haiku/generated/objects/haiku/x86/release/preferences/keymap/Keymap 
Chmod1 /home/xinyx/software/Edison/haiku/generated/objects/haiku/x86/release/preferences/keymap/Keymap 
CreateAppMimeDBEntries1 /home/xinyx/software/Edison/haiku/generated/objects/haiku/x86/release/preferences/keymap/Keymap_mimedb 
AddDirectoryToContainerCopyFilesScript <hpkg_-haiku.hpkg>data/mime_db/-/<mimedb-app->Keymap_mimedb 
AddDirectoryToContainerCopyFilesScript <hpkg_-haiku.hpkg>data/mime_db/-/<mimedb-app->Locale_mimedb 
AddDirectoryToContainerCopyFilesScript <hpkg_-haiku.hpkg>data/mime_db/-/<mimedb-app->Mouse_mimedb 
AddDirectoryToContainerCopyFilesScript <hpkg_-haiku.hpkg>data/mime_db/-/<mimedb-app->Network_mimedb 
AddDirectoryToContainerCopyFilesScript <hpkg_-haiku.hpkg>data/mime_db/-/<mimedb-app->Notifications_mimedb 
AddDirectoryToContainerCopyFilesScript <hpkg_-haiku.hpkg>data/mime_db/-/<mimedb-app->Screen_mimedb 
AddDirectoryToContainerCopyFilesScript <hpkg_-haiku.hpkg>data/mime_db/-/<mimedb-app->Shortcuts_mimedb 
AddDirectoryToContainerCopyFilesScript <hpkg_-haiku.hpkg>data/mime_db/-/<mimedb-app->Time_mimedb 
AddDirectoryToContainerCopyFilesScript <hpkg_-haiku.hpkg>data/mime_db/-/<mimedb-app->Touchpad_mimedb 
AddDirectoryToContainerCopyFilesScript <hpkg_-haiku.hpkg>data/mime_db/-/<mimedb-app-<preference>Tracker_mimedb 
AddDirectoryToContainerCopyFilesScript <hpkg_-haiku.hpkg>data/mime_db/-/<mimedb-app->VirtualMemory_mimedb 
AddDirectoryToContainerCopyFilesScript <hpkg_-haiku.hpkg>data/mime_db/-/<mimedb-app->DataTranslations_mimedb 
AddDirectoryToContainerCopyFilesScript <hpkg_-haiku.hpkg>data/mime_db/-/<mimedb-app->E-mail_mimedb 
AddDirectoryToContainerCopyFilesScript <hpkg_-haiku.hpkg>data/mime_db/-/<mimedb-app->Media_mimedb 
AddDirectoryToContainerCopyFilesScript <hpkg_-haiku.hpkg>data/mime_db/-/<mimedb-app->Printers_mimedb 
AddDirectoryToContainerCopyFilesScript <hpkg_-haiku.hpkg>data/mime_db/-/<mimedb-app->ScreenSaver_mimedb 
AddDirectoryToContainerCopyFilesScript <hpkg_-haiku.hpkg>data/mime_db/-/<mimedb-app->Sounds_mimedb 
AddDirectoryToContainerCopyFilesScript <hpkg_-haiku.hpkg>data/mime_db/-/<mimedb-app->Chart_mimedb 
AddDirectoryToContainerCopyFilesScript <hpkg_-haiku.hpkg>data/mime_db/-/<mimedb-app->Clock_mimedb 
AddDirectoryToContainerCopyFilesScript <hpkg_-haiku.hpkg>data/mime_db/-/<mimedb-app->Cortex_mimedb 
AddDirectoryToContainerCopyFilesScript <hpkg_-haiku.hpkg>data/mime_db/-/<mimedb-app->FontDemo_mimedb 
AddDirectoryToContainerCopyFilesScript <hpkg_-haiku.hpkg>data/mime_db/-/<mimedb-app->GLTeapot_mimedb 
AddDirectoryToContainerCopyFilesScript <hpkg_-haiku.hpkg>data/mime_db/-/<mimedb-app->Mandelbrot_mimedb 
AddDirectoryToContainerCopyFilesScript <hpkg_-haiku.hpkg>data/mime_db/-/<mimedb-app->OverlayImage_mimedb 
AddDirectoryToContainerCopyFilesScript <hpkg_-haiku.hpkg>data/mime_db/-/<mimedb-app->Pairs_mimedb 
AddDirectoryToContainerCopyFilesScript <hpkg_-haiku.hpkg>data/mime_db/-/<mimedb-app->PatchBay_mimedb 
AddDirectoryToContainerCopyFilesScript <hpkg_-haiku.hpkg>data/mime_db/-/<mimedb-app->Playground_mimedb 
AddDirectoryToContainerCopyFilesScript <hpkg_-haiku.hpkg>data/mime_db/-/<mimedb-app->Pulse_mimedb 
AddDirectoryToContainerCopyFilesScript <hpkg_-haiku.hpkg>data/mime_db/-/<mimedb-app->Sudoku_mimedb 
AddDirectoryToContainerCopyFilesScript <hpkg_-haiku.hpkg>data/mime_db/-/<mimedb-app->STXTTranslator_mimedb 
AddDirectoryToContainerCopyFilesScript <hpkg_-haiku.hpkg>data/mime_db/-/<mimedb-app->BMPTranslator_mimedb 
AddDirectoryToContainerCopyFilesScript <hpkg_-haiku.hpkg>data/mime_db/-/<mimedb-app->EXRTranslator_mimedb 
AddDirectoryToContainerCopyFilesScript <hpkg_-haiku.hpkg>data/mime_db/-/<mimedb-app->GIFTranslator_mimedb 
AddDirectoryToContainerCopyFilesScript <hpkg_-haiku.hpkg>data/mime_db/-/<mimedb-app->HVIFTranslator_mimedb 
AddDirectoryToContainerCopyFilesScript <hpkg_-haiku.hpkg>data/mime_db/-/<mimedb-app->ICOTranslator_mimedb 
AddDirectoryToContainerCopyFilesScript <hpkg_-haiku.hpkg>data/mime_db/-/<mimedb-app->ICNSTranslator_mimedb 
AddDirectoryToContainerCopyFilesScript <hpkg_-haiku.hpkg>data/mime_db/-/<mimedb-app->JPEGTranslator_mimedb 
...on 400th target...
AddDirectoryToContainerCopyFilesScript <hpkg_-haiku.hpkg>data/mime_db/-/<mimedb-app->JPEG2000Translator_mimedb 
InitScript1 /home/xinyx/software/Edison/haiku/generated/objects/haiku/x86/packaging/packages_build/regular/hpkg_-haiku_welcome.hpkg/scripts/haiku.package-init-vars 
AddDirectoryToContainerCopyFilesScript <hpkg_-haiku.hpkg>data/mime_db/-/<mimedb-app->PCXTranslator_mimedb 
AddDirectoryToContainerCopyFilesScript <hpkg_-haiku.hpkg>data/mime_db/-/<mimedb-app->PNGTranslator_mimedb 
AddDirectoryToContainerCopyFilesScript <hpkg_-haiku.hpkg>data/mime_db/-/<mimedb-app->PPMTranslator_mimedb 
AddDirectoryToContainerCopyFilesScript <hpkg_-haiku.hpkg>data/mime_db/-/<mimedb-app->PSDTranslator_mimedb 
AddDirectoryToContainerCopyFilesScript <hpkg_-haiku.hpkg>data/mime_db/-/<mimedb-app->RAWTranslator_mimedb 
AddDirectoryToContainerCopyFilesScript <hpkg_-haiku.hpkg>data/mime_db/-/<mimedb-app->RTFTranslator_mimedb 
AddDirectoryToContainerCopyFilesScript <hpkg_-haiku.hpkg>data/mime_db/-/<mimedb-app->SGITranslator_mimedb 
AddTargetVariableToScript1 <unique!target>_target_25 
AddDirectoryToContainerCopyFilesScript <hpkg_-haiku.hpkg>data/mime_db/-/<mimedb-app->TGATranslator_mimedb 
AddTargetVariableToScript1 <unique!target>_target_35 
AddDirectoryToContainerCopyFilesScript <hpkg_-haiku.hpkg>data/mime_db/-/<mimedb-app->TIFFTranslator_mimedb 
AddTargetVariableToScript1 <unique!target>_target_45 
AddTargetVariableToScript1 <unique!target>_target_55 
AddDirectoryToContainerCopyFilesScript <hpkg_-haiku.hpkg>data/mime_db/-/<mimedb-app->WebPTranslator_mimedb 
AddTargetVariableToScript1 <unique!target>_target_65 
AddDirectoryToContainerCopyFilesScript <hpkg_-haiku.hpkg>data/mime_db/-/<mimedb-app->WonderBrushTranslator_mimedb 
AddDirectoryToContainerCopyFilesScript <hpkg_-haiku.hpkg>data/mime_db/-/<mimedb-app->POP3_mimedb 
AddTargetVariableToScript1 <unique!target>_target_75 
AddDirectoryToContainerCopyFilesScript <hpkg_-haiku.hpkg>data/mime_db/-/<mimedb-app->IMAP_mimedb 
AddTargetVariableToScript1 <unique!target>_target_85 
AddDirectoryToContainerCopyFilesScript <hpkg_-haiku.hpkg>data/mime_db/-/<mimedb-app->SMTP_mimedb 
AddDirectoryToContainerCopyFilesScript <hpkg_-haiku.hpkg>data/mime_db/-/<mimedb-app->MatchHeader_mimedb 
AddTargetVariableToScript1 <unique!target>_target_95 
AddDirectoryToContainerCopyFilesScript <hpkg_-haiku.hpkg>data/mime_db/-/<mimedb-app->SpamFilter_mimedb 
AddDirectoryToContainerCopyFilesScript <hpkg_-haiku.hpkg>data/mime_db/-/<mimedb-app->NewMailNotification_mimedb 
AddTargetVariableToScript1 <unique!target>_target_06 
AddDirectoryToContainerCopyFilesScript <hpkg_-haiku.hpkg>data/mime_db/-/<mimedb-app->Fortune_mimedb 
AddVariableToScript1 /home/xinyx/software/Edison/haiku/generated/objects/haiku/x86/packaging/packages_build/regular/hpkg_-haiku_welcome.hpkg/scripts/haiku.package-init-vars 
AddDirectoryToContainerCopyFilesScript <hpkg_-haiku.hpkg>data/mime_db/-/<mimedb-app->cortex_flanger.media_addon_mimedb 
InitScript1 /home/xinyx/software/Edison/haiku/generated/objects/haiku/x86/packaging/packages_build/regular/hpkg_-haiku_welcome.hpkg/scripts/haiku.package-make-dirs 
AddDirectoryToContainerCopyFilesScript <hpkg_-haiku.hpkg>data/mime_db/-/<mimedb-app->equalizer.media_addon_mimedb 
AddDirectoryToContainerCopyFilesScript <hpkg_-haiku.hpkg>data/mime_db/-/<mimedb-app->hmulti_audio.media_addon_mimedb 
AddDirectoryToContainerCopyFilesScript <hpkg_-haiku.hpkg>data/mime_db/-/<mimedb-app->mixer.media_addon_mimedb 
AddDirectoryToContainerCopyFilesScript <hpkg_-haiku.hpkg>data/mime_db/-/<mimedb-app->vst_host.media_addon_mimedb 
AddDirectoryToContainerCopyFilesScript <hpkg_-haiku.hpkg>data/mime_db/-/<mimedb-app->FileType_mimedb 
CreateContainerMakeDirectoriesScript1 /home/xinyx/software/Edison/haiku/generated/objects/haiku/x86/packaging/packages_build/regular/hpkg_-haiku_welcome.hpkg/scripts/haiku.package-make-dirs 
AddDirectoryToContainerCopyFilesScript <hpkg_-haiku.hpkg>data/mime_db/-/<mimedb-app->Mark as…_mimedb 
InitScript1 /home/xinyx/software/Edison/haiku/generated/objects/haiku/x86/packaging/packages_build/regular/hpkg_-haiku_welcome.hpkg/scripts/haiku.package-copy-files 
AddDirectoryToContainerCopyFilesScript <hpkg_-haiku.hpkg>data/mime_db/-/<mimedb-app->Mark as Read_mimedb 
AddDirectoryToContainerCopyFilesScript <hpkg_-haiku.hpkg>data/mime_db/-/<mimedb-app->Open Target Folder_mimedb 
AddDirectoryToContainerCopyFilesScript <hpkg_-haiku.hpkg>data/mime_db/-/<mimedb-app->Open Terminal_mimedb 
AddDirectoryToContainerCopyFilesScript <hpkg_-haiku.hpkg>data/mime_db/-/<mimedb-app->ZipOMatic_mimedb 
AddDirectoryToContainerCopyFilesScript <hpkg_-haiku_welcome.hpkg>documentation/welcome/-/<copy-directory-to-container>/home/xinyx/software/Edison/haiku/docs/welcome 
AddDirectoryToContainerCopyFilesScript <hpkg_-haiku.hpkg>data/mime_db/-/<mimedb-app-<input>keyboard_mimedb 
AppendToContainerCopyFilesScript <hpkg_-haiku_welcome.hpkg>haiku.package-copy-files-dummy-bin 
AddDirectoryToContainerCopyFilesScript <hpkg_-haiku.hpkg>data/mime_db/-/<mimedb-app->Canon LIPS3 Compatible_mimedb 
InitScript1 /home/xinyx/software/Edison/haiku/generated/objects/haiku/x86/packaging/packages_build/regular/hpkg_-haiku_welcome.hpkg/scripts/haiku.package-extract-files 
AddDirectoryToContainerCopyFilesScript <hpkg_-haiku.hpkg>data/mime_db/-/<mimedb-app->Canon LIPS4 Compatible_mimedb 
AddDirectoryToContainerCopyFilesScript <hpkg_-haiku.hpkg>data/mime_db/-/<mimedb-app->Gutenprint_mimedb 
AddDirectoryToContainerCopyFilesScript <hpkg_-haiku.hpkg>data/mime_db/-/<mimedb-app->PCL5 Compatible_mimedb 
AddDirectoryToContainerCopyFilesScript <hpkg_-haiku.hpkg>data/mime_db/-/<mimedb-app->PCL6 Compatible_mimedb 
BuildHaikuPackage1 /home/xinyx/software/Edison/haiku/generated/objects/haiku/x86/packaging/packages/haiku_welcome.hpkg 
AddDirectoryToContainerCopyFilesScript <hpkg_-haiku.hpkg>data/mime_db/-/<mimedb-app->PDF Writer_mimedb 
AddDirectoryToContainerCopyFilesScript <hpkg_-haiku.hpkg>data/mime_db/-/<mimedb-app->PS Compatible_mimedb 
AddDirectoryToContainerCopyFilesScript <hpkg_-haiku.hpkg>data/mime_db/-/<mimedb-app->Preview_mimedb 
AddDirectoryToContainerCopyFilesScript <hpkg_-haiku.hpkg>data/mime_db/-/<mimedb-app->Butterfly_mimedb 
haiku_welcome.hpkg: Removing and re-creating package contents dir ...
AddDirectoryToContainerCopyFilesScript <hpkg_-haiku.hpkg>data/mime_db/-/<mimedb-app->DebugNow_mimedb 
AddDirectoryToContainerCopyFilesScript <hpkg_-haiku.hpkg>data/mime_db/-/<mimedb-app->Flurry_mimedb 
AddDirectoryToContainerCopyFilesScript <hpkg_-haiku.hpkg>data/mime_db/-/<mimedb-app->GLife_mimedb 
AddDirectoryToContainerCopyFilesScript <hpkg_-haiku.hpkg>data/mime_db/-/<mimedb-app->Gravity_mimedb 
AddDirectoryToContainerCopyFilesScript <hpkg_-haiku.hpkg>data/mime_db/-/<mimedb-app->Icons_mimedb 
AddDirectoryToContainerCopyFilesScript <hpkg_-haiku.hpkg>data/mime_db/-/<mimedb-app->IFS_mimedb 
AddDirectoryToContainerCopyFilesScript <hpkg_-haiku.hpkg>data/mime_db/-/<mimedb-app->Leaves_mimedb 
AddDirectoryToContainerCopyFilesScript <hpkg_-haiku.hpkg>data/mime_db/-/<mimedb-app->Message_mimedb 
AddDirectoryToContainerCopyFilesScript <hpkg_-haiku.hpkg>data/mime_db/-/<mimedb-app->Spider_mimedb 
AddDirectoryToContainerCopyFilesScript <hpkg_-haiku.hpkg>data/mime_db/-/<mimedb-app-<disk_system>intel_mimedb 
AddDirectoryToContainerCopyFilesScript <hpkg_-haiku.hpkg>data/mime_db/-/<mimedb-app-<disk_system>gpt_mimedb 
haiku_userguide.hpkg: Collecting package contents ...
AddDirectoryToContainerCopyFilesScript <hpkg_-haiku.hpkg>data/mime_db/-/<mimedb-app-<disk_system>bfs_mimedb 
AddDirectoryToContainerCopyFilesScript <hpkg_-haiku.hpkg>data/mime_db/-/<mimedb-app-<disk_system>ntfs_mimedb 
AddDirectoryToContainerCopyFilesScript <hpkg_-haiku.hpkg>data/mime_db/-/<mimedb>mime_db 
haiku_welcome.hpkg: Collecting package contents ...
AppendToContainerCopyFilesScript <hpkg_-haiku.hpkg>haiku.package-copy-files-dummy-add-ons/kernel/busses/agp_gart 
AppendToContainerCopyFilesScript <hpkg_-haiku.hpkg>haiku.package-copy-files-dummy-add-ons/kernel/busses/ata 
AppendToContainerCopyFilesScript <hpkg_-haiku.hpkg>haiku.package-copy-files-dummy-add-ons/kernel/busses/random 
AppendToContainerCopyFilesScript <hpkg_-haiku.hpkg>haiku.package-copy-files-dummy-add-ons/kernel/busses/scsi 
AppendToContainerCopyFilesScript <hpkg_-haiku.hpkg>haiku.package-copy-files-dummy-add-ons/kernel/busses/usb 
AppendToContainerCopyFilesScript <hpkg_-haiku.hpkg>haiku.package-copy-files-dummy-add-ons/kernel/busses/virtio 
AppendToContainerCopyFilesScript <hpkg_-haiku.hpkg>haiku.package-copy-files-dummy-add-ons/kernel/console 
AppendToContainerCopyFilesScript <hpkg_-haiku.hpkg>haiku.package-copy-files-dummy-add-ons/kernel/debugger 
AppendToContainerCopyFilesScript <hpkg_-haiku.hpkg>haiku.package-copy-files-dummy-add-ons/kernel/file_systems 
AppendToContainerCopyFilesScript <hpkg_-haiku.hpkg>haiku.package-copy-files-dummy-add-ons/kernel/generic 
AppendToContainerCopyFilesScript <hpkg_-haiku.hpkg>haiku.package-copy-files-dummy-add-ons/kernel/partitioning_systems 
AppendToContainerCopyFilesScript <hpkg_-haiku.hpkg>haiku.package-copy-files-dummy-add-ons/kernel/power/cpufreq 
AppendToContainerCopyFilesScript <hpkg_-haiku.hpkg>haiku.package-copy-files-dummy-add-ons/kernel/power/cpuidle 
AppendToContainerCopyFilesScript <hpkg_-haiku.hpkg>haiku.package-copy-files-dummy-add-ons/kernel/cpu 
AppendToContainerCopyFilesScript <hpkg_-haiku.hpkg>haiku.package-copy-files-dummy-add-ons/kernel/drivers/disk/scsi 
AppendToContainerCopyFilesScript <hpkg_-haiku.hpkg>haiku.package-copy-files-dummy-add-ons/kernel/drivers/disk/virtual 
AppendToContainerCopyFilesScript <hpkg_-haiku.hpkg>haiku.package-copy-files-dummy-add-ons/kernel/drivers/power 
AppendToContainerCopyFilesScript <hpkg_-haiku.hpkg>haiku.package-copy-files-dummy-add-ons/kernel/drivers/bin 
AddSymlinkToContainerCopyFilesScript <hpkg_-haiku.hpkg>add-ons/kernel/drivers/dev/console 
AddSymlinkToContainerCopyFilesScript <hpkg_-haiku.hpkg>add-ons/kernel/drivers/dev/dprintf 
AddSymlinkToContainerCopyFilesScript <hpkg_-haiku.hpkg>add-ons/kernel/drivers/dev/null 
AddSymlinkToContainerCopyFilesScript <hpkg_-haiku.hpkg>add-ons/kernel/drivers/dev/tty 
AddSymlinkToContainerCopyFilesScript <hpkg_-haiku.hpkg>add-ons/kernel/drivers/dev/zero 
AddSymlinkToContainerCopyFilesScript <hpkg_-haiku.hpkg>add-ons/kernel/drivers/dev/hello 
AddSymlinkToContainerCopyFilesScript <hpkg_-haiku.hpkg>add-ons/kernel/drivers/dev/linux_hello 
AddSymlinkToContainerCopyFilesScript <hpkg_-haiku.hpkg>add-ons/kernel/drivers/dev/audio/hmulti/auich 
AddSymlinkToContainerCopyFilesScript <hpkg_-haiku.hpkg>add-ons/kernel/drivers/dev/audio/hmulti/auvia 
AddSymlinkToContainerCopyFilesScript <hpkg_-haiku.hpkg>add-ons/kernel/drivers/dev/audio/hmulti/echo3g 
haiku_welcome.hpkg: mimeset'ing package contents ...
...on 500th target...
AddSymlinkToContainerCopyFilesScript <hpkg_-haiku.hpkg>add-ons/kernel/drivers/dev/audio/hmulti/emuxki 
AddSymlinkToContainerCopyFilesScript <hpkg_-haiku.hpkg>add-ons/kernel/drivers/dev/audio/hmulti/hda 
AddSymlinkToContainerCopyFilesScript <hpkg_-haiku.hpkg>add-ons/kernel/drivers/dev/audio/hmulti/ice1712 
AddSymlinkToContainerCopyFilesScript <hpkg_-haiku.hpkg>add-ons/kernel/drivers/dev/audio/hmulti/sis7018 
AddSymlinkToContainerCopyFilesScript <hpkg_-haiku.hpkg>add-ons/kernel/drivers/dev/midi/emuxki 
AddSymlinkToContainerCopyFilesScript <hpkg_-haiku.hpkg>add-ons/kernel/drivers/dev/midi/ice1712 
AddSymlinkToContainerCopyFilesScript <hpkg_-haiku.hpkg>add-ons/kernel/drivers/dev/midi/usb_midi 
AddSymlinkToContainerCopyFilesScript <hpkg_-haiku.hpkg>add-ons/kernel/drivers/dev/bus/usb_raw 
AddSymlinkToContainerCopyFilesScript <hpkg_-haiku.hpkg>add-ons/kernel/drivers/dev/bus/fw_raw 
AddSymlinkToContainerCopyFilesScript <hpkg_-haiku.hpkg>add-ons/kernel/drivers/dev/disk/floppy/pc_floppy 
AddSymlinkToContainerCopyFilesScript <hpkg_-haiku.hpkg>add-ons/kernel/drivers/dev/disk/usb/usb_disk 
AddSymlinkToContainerCopyFilesScript <hpkg_-haiku.hpkg>add-ons/kernel/drivers/dev/disk/usb/usb_floppy 
AddSymlinkToContainerCopyFilesScript <hpkg_-haiku.hpkg>add-ons/kernel/drivers/dev/printer/usb/usb_printer 
AddSymlinkToContainerCopyFilesScript <hpkg_-haiku.hpkg>add-ons/kernel/drivers/dev/disk/virtual/nbd 
AddSymlinkToContainerCopyFilesScript <hpkg_-haiku.hpkg>add-ons/kernel/drivers/dev/dvb/cx23882 
AddSymlinkToContainerCopyFilesScript <hpkg_-haiku.hpkg>add-ons/kernel/drivers/dev/graphics/vesa 
AddSymlinkToContainerCopyFilesScript <hpkg_-haiku.hpkg>add-ons/kernel/drivers/dev/graphics/intel_810 
AddSymlinkToContainerCopyFilesScript <hpkg_-haiku.hpkg>add-ons/kernel/drivers/dev/graphics/intel_extreme 
AddSymlinkToContainerCopyFilesScript <hpkg_-haiku.hpkg>add-ons/kernel/drivers/dev/graphics/matrox 
AddSymlinkToContainerCopyFilesScript <hpkg_-haiku.hpkg>add-ons/kernel/drivers/dev/graphics/nvidia 
AddSymlinkToContainerCopyFilesScript <hpkg_-haiku.hpkg>add-ons/kernel/drivers/dev/graphics/radeon 
AddSymlinkToContainerCopyFilesScript <hpkg_-haiku.hpkg>add-ons/kernel/drivers/dev/graphics/radeon_hd 
AddSymlinkToContainerCopyFilesScript <hpkg_-haiku.hpkg>add-ons/kernel/drivers/dev/graphics/3dfx 
AddSymlinkToContainerCopyFilesScript <hpkg_-haiku.hpkg>add-ons/kernel/drivers/dev/graphics/ati 
AddSymlinkToContainerCopyFilesScript <hpkg_-haiku.hpkg>add-ons/kernel/drivers/dev/graphics/neomagic 
AddSymlinkToContainerCopyFilesScript <hpkg_-haiku.hpkg>add-ons/kernel/drivers/dev/graphics/s3 
AddSymlinkToContainerCopyFilesScript <hpkg_-haiku.hpkg>add-ons/kernel/drivers/dev/input/ps2_hid 
AddSymlinkToContainerCopyFilesScript <hpkg_-haiku.hpkg>add-ons/kernel/drivers/dev/input/usb_hid 
AddSymlinkToContainerCopyFilesScript <hpkg_-haiku.hpkg>add-ons/kernel/drivers/dev/input/wacom 
AddSymlinkToContainerCopyFilesScript <hpkg_-haiku.hpkg>add-ons/kernel/drivers/dev/misc/poke 
AddSymlinkToContainerCopyFilesScript <hpkg_-haiku.hpkg>add-ons/kernel/drivers/dev/misc/mem 
AddSymlinkToContainerCopyFilesScript <hpkg_-haiku.hpkg>add-ons/kernel/drivers/dev/net/3com 
AddSymlinkToContainerCopyFilesScript <hpkg_-haiku.hpkg>add-ons/kernel/drivers/dev/net/atheros813x 
AddSymlinkToContainerCopyFilesScript <hpkg_-haiku.hpkg>add-ons/kernel/drivers/dev/net/ar81xx 
AddSymlinkToContainerCopyFilesScript <hpkg_-haiku.hpkg>add-ons/kernel/drivers/dev/net/attansic_l1 
AddSymlinkToContainerCopyFilesScript <hpkg_-haiku.hpkg>add-ons/kernel/drivers/dev/net/attansic_l2 
AddSymlinkToContainerCopyFilesScript <hpkg_-haiku.hpkg>add-ons/kernel/drivers/dev/net/broadcom440x 
AddSymlinkToContainerCopyFilesScript <hpkg_-haiku.hpkg>add-ons/kernel/drivers/dev/net/broadcom570x 
AddSymlinkToContainerCopyFilesScript <hpkg_-haiku.hpkg>add-ons/kernel/drivers/dev/net/dec21xxx 
AddSymlinkToContainerCopyFilesScript <hpkg_-haiku.hpkg>add-ons/kernel/drivers/dev/net/ipro100 
AddSymlinkToContainerCopyFilesScript <hpkg_-haiku.hpkg>add-ons/kernel/drivers/dev/net/ipro1000 
AddSymlinkToContainerCopyFilesScript <hpkg_-haiku.hpkg>add-ons/kernel/drivers/dev/net/jmicron2x0 
AddSymlinkToContainerCopyFilesScript <hpkg_-haiku.hpkg>add-ons/kernel/drivers/dev/net/marvell_yukon 
AddSymlinkToContainerCopyFilesScript <hpkg_-haiku.hpkg>add-ons/kernel/drivers/dev/net/nforce 
AddSymlinkToContainerCopyFilesScript <hpkg_-haiku.hpkg>add-ons/kernel/drivers/dev/net/pcnet 
AddSymlinkToContainerCopyFilesScript <hpkg_-haiku.hpkg>add-ons/kernel/drivers/dev/net/rtl8139 
AddSymlinkToContainerCopyFilesScript <hpkg_-haiku.hpkg>add-ons/kernel/drivers/dev/net/rtl81xx 
AddSymlinkToContainerCopyFilesScript <hpkg_-haiku.hpkg>add-ons/kernel/drivers/dev/net/sis19x 
AddSymlinkToContainerCopyFilesScript <hpkg_-haiku.hpkg>add-ons/kernel/drivers/dev/net/syskonnect 
AddSymlinkToContainerCopyFilesScript <hpkg_-haiku.hpkg>add-ons/kernel/drivers/dev/net/via_rhine 
AddSymlinkToContainerCopyFilesScript <hpkg_-haiku.hpkg>add-ons/kernel/drivers/dev/net/vt612x 
AddSymlinkToContainerCopyFilesScript <hpkg_-haiku.hpkg>add-ons/kernel/drivers/dev/net/etherpci 
AddSymlinkToContainerCopyFilesScript <hpkg_-haiku.hpkg>add-ons/kernel/drivers/dev/net/pegasus 
AddSymlinkToContainerCopyFilesScript <hpkg_-haiku.hpkg>add-ons/kernel/drivers/dev/net/sis900 
AddSymlinkToContainerCopyFilesScript <hpkg_-haiku.hpkg>add-ons/kernel/drivers/dev/net/usb_asix 
AddSymlinkToContainerCopyFilesScript <hpkg_-haiku.hpkg>add-ons/kernel/drivers/dev/net/usb_davicom 
AddSymlinkToContainerCopyFilesScript <hpkg_-haiku.hpkg>add-ons/kernel/drivers/dev/net/usb_ecm 
AddSymlinkToContainerCopyFilesScript <hpkg_-haiku.hpkg>add-ons/kernel/drivers/dev/net/wb840 
AddSymlinkToContainerCopyFilesScript <hpkg_-haiku.hpkg>add-ons/kernel/drivers/dev/net/aironetwifi 
AddSymlinkToContainerCopyFilesScript <hpkg_-haiku.hpkg>add-ons/kernel/drivers/dev/net/atheroswifi 
AddSymlinkToContainerCopyFilesScript <hpkg_-haiku.hpkg>add-ons/kernel/drivers/dev/net/broadcom43xx 
AddSymlinkToContainerCopyFilesScript <hpkg_-haiku.hpkg>add-ons/kernel/drivers/dev/net/iprowifi2100 
AddSymlinkToContainerCopyFilesScript <hpkg_-haiku.hpkg>add-ons/kernel/drivers/dev/net/iprowifi2200 
AddSymlinkToContainerCopyFilesScript <hpkg_-haiku.hpkg>add-ons/kernel/drivers/dev/net/iprowifi3945 
AddSymlinkToContainerCopyFilesScript <hpkg_-haiku.hpkg>add-ons/kernel/drivers/dev/net/iprowifi4965 
AddSymlinkToContainerCopyFilesScript <hpkg_-haiku.hpkg>add-ons/kernel/drivers/dev/net/marvell88w8363 
AddSymlinkToContainerCopyFilesScript <hpkg_-haiku.hpkg>add-ons/kernel/drivers/dev/net/marvell88w8335 
AddSymlinkToContainerCopyFilesScript <hpkg_-haiku.hpkg>add-ons/kernel/drivers/dev/net/ralinkwifi 
AddSymlinkToContainerCopyFilesScript <hpkg_-haiku.hpkg>add-ons/kernel/drivers/dev/net/wavelanwifi 
AddSymlinkToContainerCopyFilesScript <hpkg_-haiku.hpkg>add-ons/kernel/drivers/dev/net/linux_snull 
AddSymlinkToContainerCopyFilesScript <hpkg_-haiku.hpkg>add-ons/kernel/drivers/dev/ports/pc_serial 
AddSymlinkToContainerCopyFilesScript <hpkg_-haiku.hpkg>add-ons/kernel/drivers/dev/ports/usb_serial 
AppendToContainerCopyFilesScript <hpkg_-haiku.hpkg>haiku.package-copy-files-dummy-. 
AppendToContainerCopyFilesScript <hpkg_-haiku.hpkg>haiku.package-copy-files-dummy-lib 
AddSymlinkToContainerCopyFilesScript <hpkg_-haiku.hpkg>lib/liblocale.so 
AppendToContainerCopyFilesScript <hpkg_-haiku.hpkg>haiku.package-copy-files-dummy-data/locale/catalogs/x-vnd.Haiku-libbe 
AppendToContainerCopyFilesScript <hpkg_-haiku.hpkg>haiku.package-copy-files-dummy-data/locale/catalogs/x-vnd.Haiku-libmail 
AppendToContainerCopyFilesScript <hpkg_-haiku.hpkg>haiku.package-copy-files-dummy-data/locale/catalogs/x-vnd.Haiku-libtextencoding 
AppendToContainerCopyFilesScript <hpkg_-haiku.hpkg>haiku.package-copy-files-dummy-data/locale/catalogs/x-vnd.Haiku-libtracker 
AppendToContainerCopyFilesScript <hpkg_-haiku.hpkg>haiku.package-copy-files-dummy-servers 
AppendToContainerCopyFilesScript <hpkg_-haiku.hpkg>haiku.package-copy-files-dummy-data/locale/catalogs/x-vnd.Haiku-debug_server 
AppendToContainerCopyFilesScript <hpkg_-haiku.hpkg>haiku.package-copy-files-dummy-data/locale/catalogs/x-vnd.Haiku-keystore_server 
AppendToContainerCopyFilesScript <hpkg_-haiku.hpkg>haiku.package-copy-files-dummy-data/locale/catalogs/x-vnd.Haiku-mount_server 
AppendToContainerCopyFilesScript <hpkg_-haiku.hpkg>haiku.package-copy-files-dummy-data/locale/catalogs/x-vnd.Haiku-notification_server 
AppendToContainerCopyFilesScript <hpkg_-haiku.hpkg>haiku.package-copy-files-dummy-data/locale/catalogs/x-vnd.haiku-registrar 
AppendToContainerCopyFilesScript <hpkg_-haiku.hpkg>haiku.package-copy-files-dummy-data/locale/catalogs/x-vnd.Haiku-SystemLogger 
AppendToContainerCopyFilesScript <hpkg_-haiku.hpkg>haiku.package-copy-files-dummy-data/locale/catalogs/x-vnd.Be-POST 
AppendToContainerCopyFilesScript <hpkg_-haiku.hpkg>haiku.package-copy-files-dummy-data/locale/catalogs/x-vnd.Be-PSRV 
AppendToContainerCopyFilesScript <hpkg_-haiku.hpkg>haiku.package-copy-files-dummy-data/locale/catalogs/x-vnd.Be-TSKB 
AppendToContainerCopyFilesScript <hpkg_-haiku.hpkg>haiku.package-copy-files-dummy-data/locale/catalogs/x-vnd.Be-TRAK 
AppendToContainerCopyFilesScript <hpkg_-haiku.hpkg>haiku.package-copy-files-dummy-bin 
AddSymlinkToContainerCopyFilesScript <hpkg_-haiku.hpkg>bin/untrash 
AddSymlinkToContainerCopyFilesScript <hpkg_-haiku.hpkg>bin/more 
AddSymlinkToContainerCopyFilesScript <hpkg_-haiku.hpkg>bin/gunzip 
AddSymlinkToContainerCopyFilesScript <hpkg_-haiku.hpkg>bin/zcat 
AddSymlinkToContainerCopyFilesScript <hpkg_-haiku.hpkg>bin/zcmp 
AppendToContainerCopyFilesScript <hpkg_-haiku.hpkg>haiku.package-copy-files-dummy-data/locale/catalogs/x-vnd.Haiku-desklink 
AppendToContainerCopyFilesScript <hpkg_-haiku.hpkg>haiku.package-copy-files-dummy-data/locale/catalogs/x-vnd.Haiku-cmd-dstconfig 
AppendToContainerCopyFilesScript <hpkg_-haiku.hpkg>haiku.package-copy-files-dummy-data/locale/catalogs/x-vnd.mmu_man.filepanel 
AppendToContainerCopyFilesScript <hpkg_-haiku.hpkg>haiku.package-copy-files-dummy-data/locale/catalogs/x-vnd.Haiku.screenblanker 
...on 600th target...
AppendToContainerCopyFilesScript <hpkg_-haiku.hpkg>haiku.package-copy-files-dummy-data/locale/catalogs/x-vnd.Haiku-FirstBootPrompt 
AppendToContainerCopyFilesScript <hpkg_-haiku.hpkg>haiku.package-copy-files-dummy-data/locale/catalogs/x-vnd.haiku-screenshot-cli 
AppendToContainerCopyFilesScript <hpkg_-haiku.hpkg>haiku.package-copy-files-dummy-apps 
AppendToContainerCopyFilesScript <hpkg_-haiku.hpkg>haiku.package-copy-files-dummy-data/locale/catalogs/x-vnd.Haiku-About 
AppendToContainerCopyFilesScript <hpkg_-haiku.hpkg>haiku.package-copy-files-dummy-data/locale/catalogs/x-vnd.Haiku-ActivityMonitor 
AppendToContainerCopyFilesScript <hpkg_-haiku.hpkg>haiku.package-copy-files-dummy-data/locale/catalogs/x-vnd.Haiku-BootManager 
AppendToContainerCopyFilesScript <hpkg_-haiku.hpkg>haiku.package-copy-files-dummy-data/locale/catalogs/x-vnd.Haiku-CharacterMap 
AppendToContainerCopyFilesScript <hpkg_-haiku.hpkg>haiku.package-copy-files-dummy-data/locale/catalogs/x-vnd.Haiku-DeskCalc 
AppendToContainerCopyFilesScript <hpkg_-haiku.hpkg>haiku.package-copy-files-dummy-data/locale/catalogs/x-vnd.Haiku-Devices 
AppendToContainerCopyFilesScript <hpkg_-haiku.hpkg>haiku.package-copy-files-dummy-data/locale/catalogs/x-vnd.Haiku-DiskProbe 
AppendToContainerCopyFilesScript <hpkg_-haiku.hpkg>haiku.package-copy-files-dummy-data/locale/catalogs/x-vnd.Haiku-DiskUsage 
AppendToContainerCopyFilesScript <hpkg_-haiku.hpkg>haiku.package-copy-files-dummy-data/locale/catalogs/x-vnd.Haiku-DriveSetup 
AppendToContainerCopyFilesScript <hpkg_-haiku.hpkg>haiku.package-copy-files-dummy-data/locale/catalogs/x-vnd.Haiku-Expander 
AppendToContainerCopyFilesScript <hpkg_-haiku.hpkg>haiku.package-copy-files-dummy-data/locale/catalogs/x-vnd.Haiku-NetworkStatus 
AppendToContainerCopyFilesScript <hpkg_-haiku.hpkg>haiku.package-copy-files-dummy-data/locale/catalogs/x-vnd.Haiku-ProcessController 
AppendToContainerCopyFilesScript <hpkg_-haiku.hpkg>haiku.package-copy-files-dummy-data/locale/catalogs/x-vnd.Haiku-ShowImage 
AppendToContainerCopyFilesScript <hpkg_-haiku.hpkg>haiku.package-copy-files-dummy-data/locale/catalogs/x-vnd.Haiku-StyledEdit 
AppendToContainerCopyFilesScript <hpkg_-haiku.hpkg>haiku.package-copy-files-dummy-data/locale/catalogs/x-vnd.Haiku-Terminal 
AppendToContainerCopyFilesScript <hpkg_-haiku.hpkg>haiku.package-copy-files-dummy-data/locale/catalogs/x-vnd.Haiku.TextSearch 
AppendToContainerCopyFilesScript <hpkg_-haiku.hpkg>haiku.package-copy-files-dummy-data/locale/catalogs/x-vnd.Be-WORK 
AppendToContainerCopyFilesScript <hpkg_-haiku.hpkg>haiku.package-copy-files-dummy-data/locale/catalogs/x-vnd.Haiku-CodyCam 
AppendToContainerCopyFilesScript <hpkg_-haiku.hpkg>haiku.package-copy-files-dummy-data/locale/catalogs/x-vnd.Haiku-GLInfo 
AppendToContainerCopyFilesScript <hpkg_-haiku.hpkg>haiku.package-copy-files-dummy-data/locale/catalogs/x-vnd.Haiku-HaikuDepot 
AppendToContainerCopyFilesScript <hpkg_-haiku.hpkg>haiku.package-copy-files-dummy-data/locale/catalogs/x-vnd.haiku-icon_o_matic 
AppendToContainerCopyFilesScript <hpkg_-haiku.hpkg>haiku.package-copy-files-dummy-data/locale/catalogs/x-vnd.Haiku-Installer 
AppendToContainerCopyFilesScript <hpkg_-haiku.hpkg>haiku.package-copy-files-dummy-data/locale/catalogs/x-vnd.Haiku-LaunchBox 
AppendToContainerCopyFilesScript <hpkg_-haiku.hpkg>haiku.package-copy-files-dummy-data/locale/catalogs/x-vnd.Haiku-Magnify 
AppendToContainerCopyFilesScript <hpkg_-haiku.hpkg>haiku.package-copy-files-dummy-data/locale/catalogs/x-vnd.Be-MAIL 
AppendToContainerCopyFilesScript <hpkg_-haiku.hpkg>haiku.package-copy-files-dummy-data/locale/catalogs/x-vnd.Haiku-MediaConverter 
AppendToContainerCopyFilesScript <hpkg_-haiku.hpkg>haiku.package-copy-files-dummy-data/locale/catalogs/x-vnd.Haiku-MediaPlayer 
AppendToContainerCopyFilesScript <hpkg_-haiku.hpkg>haiku.package-copy-files-dummy-data/locale/catalogs/x-vnd.Haiku-MidiPlayer 
AppendToContainerCopyFilesScript <hpkg_-haiku.hpkg>haiku.package-copy-files-dummy-data/locale/catalogs/x-vnd.Haiku-PackageInstaller 
AppendToContainerCopyFilesScript <hpkg_-haiku.hpkg>haiku.package-copy-files-dummy-data/locale/catalogs/x-vnd.Be-PEPL 
AppendToContainerCopyFilesScript <hpkg_-haiku.hpkg>haiku.package-copy-files-dummy-data/locale/catalogs/x-vnd.Haiku-PoorMan 
AppendToContainerCopyFilesScript <hpkg_-haiku.hpkg>haiku.package-copy-files-dummy-data/locale/catalogs/x-vnd.Haiku-PowerStatus 
AppendToContainerCopyFilesScript <hpkg_-haiku.hpkg>haiku.package-copy-files-dummy-data/locale/catalogs/x-vnd.haiku-screenshot 
AppendToContainerCopyFilesScript <hpkg_-haiku.hpkg>haiku.package-copy-files-dummy-data/locale/catalogs/x-vnd.Haiku-SoundRecorder 
AppendToContainerCopyFilesScript <hpkg_-haiku.hpkg>haiku.package-copy-files-dummy-data/locale/catalogs/x-vnd.Haiku.TV 
AppendToContainerCopyFilesScript <hpkg_-haiku.hpkg>haiku.package-copy-files-dummy-data/locale/catalogs/x-vnd.mahlzeit.webwatch 
AppendToContainerCopyFilesScript <hpkg_-haiku.hpkg>haiku.package-copy-files-dummy-preferences 
AppendToContainerCopyFilesScript <hpkg_-haiku.hpkg>haiku.package-copy-files-dummy-data/locale/catalogs/x-vnd.Haiku-Appearance 
AppendToContainerCopyFilesScript <hpkg_-haiku.hpkg>haiku.package-copy-files-dummy-data/locale/catalogs/x-vnd.Haiku-Backgrounds 
AppendToContainerCopyFilesScript <hpkg_-haiku.hpkg>haiku.package-copy-files-dummy-data/locale/catalogs/x-vnd.Haiku-DeskbarPreferences 
AppendToContainerCopyFilesScript <hpkg_-haiku.hpkg>haiku.package-copy-files-dummy-data/locale/catalogs/x-vnd.Haiku-FileTypes 
AppendToContainerCopyFilesScript <hpkg_-haiku.hpkg>haiku.package-copy-files-dummy-data/locale/catalogs/x-vnd.Haiku-Keyboard 
AppendToContainerCopyFilesScript <hpkg_-haiku.hpkg>haiku.package-copy-files-dummy-data/locale/catalogs/x-vnd.Haiku-Keymap 
AppendToContainerCopyFilesScript <hpkg_-haiku.hpkg>haiku.package-copy-files-dummy-data/locale/catalogs/x-vnd.Haiku-Locale 
AppendToContainerCopyFilesScript <hpkg_-haiku.hpkg>haiku.package-copy-files-dummy-data/locale/catalogs/x-vnd.Haiku-Mouse 
AppendToContainerCopyFilesScript <hpkg_-haiku.hpkg>haiku.package-copy-files-dummy-data/locale/catalogs/x-vnd.Haiku-Network 
AppendToContainerCopyFilesScript <hpkg_-haiku.hpkg>haiku.package-copy-files-dummy-data/locale/catalogs/x-vnd.Haiku-Notifications 
AppendToContainerCopyFilesScript <hpkg_-haiku.hpkg>haiku.package-copy-files-dummy-data/locale/catalogs/x-vnd.Haiku-Screen 
AppendToContainerCopyFilesScript <hpkg_-haiku.hpkg>haiku.package-copy-files-dummy-data/locale/catalogs/x-vnd.Haiku-Shortcuts 
AppendToContainerCopyFilesScript <hpkg_-haiku.hpkg>haiku.package-copy-files-dummy-data/locale/catalogs/x-vnd.Haiku-Time 
AppendToContainerCopyFilesScript <hpkg_-haiku.hpkg>haiku.package-copy-files-dummy-data/locale/catalogs/x-vnd.Haiku-Touchpad 
AppendToContainerCopyFilesScript <hpkg_-haiku.hpkg>haiku.package-copy-files-dummy-data/locale/catalogs/x-vnd.Haiku-TrackerPreferences 
AppendToContainerCopyFilesScript <hpkg_-haiku.hpkg>haiku.package-copy-files-dummy-data/locale/catalogs/x-vnd.Haiku-VirtualMemory 
AppendToContainerCopyFilesScript <hpkg_-haiku.hpkg>haiku.package-copy-files-dummy-data/locale/catalogs/x-vnd.Haiku-DataTranslations 
AppendToContainerCopyFilesScript <hpkg_-haiku.hpkg>haiku.package-copy-files-dummy-data/locale/catalogs/x-vnd.Haiku-Mail 
AppendToContainerCopyFilesScript <hpkg_-haiku.hpkg>haiku.package-copy-files-dummy-data/locale/catalogs/x-vnd.Haiku-Media 
AppendToContainerCopyFilesScript <hpkg_-haiku.hpkg>haiku.package-copy-files-dummy-data/locale/catalogs/x-vnd.Be-PRNT 
AppendToContainerCopyFilesScript <hpkg_-haiku.hpkg>haiku.package-copy-files-dummy-data/locale/catalogs/x-vnd.Haiku-ScreenSaver 
AppendToContainerCopyFilesScript <hpkg_-haiku.hpkg>haiku.package-copy-files-dummy-data/locale/catalogs/x-vnd.Haiku-Sounds 
AppendToContainerCopyFilesScript <hpkg_-haiku.hpkg>haiku.package-copy-files-dummy-demos 
AppendToContainerCopyFilesScript <hpkg_-haiku.hpkg>haiku.package-copy-files-dummy-data/locale/catalogs/x-vnd.Haiku-ChartDemo 
AppendToContainerCopyFilesScript <hpkg_-haiku.hpkg>haiku.package-copy-files-dummy-data/locale/catalogs/x-vnd.Haiku-Clock 
AppendToContainerCopyFilesScript <hpkg_-haiku.hpkg>haiku.package-copy-files-dummy-data/locale/catalogs/x-vnd.Haiku-FontDemo 
AppendToContainerCopyFilesScript <hpkg_-haiku.hpkg>haiku.package-copy-files-dummy-data/locale/catalogs/x-vnd.Haiku-GLTeapot 
AppendToContainerCopyFilesScript <hpkg_-haiku.hpkg>haiku.package-copy-files-dummy-data/locale/catalogs/x-vnd.Haiku-Mandelbrot 
AppendToContainerCopyFilesScript <hpkg_-haiku.hpkg>haiku.package-copy-files-dummy-data/locale/catalogs/x-vnd.Haiku-OverlayImage 
AppendToContainerCopyFilesScript <hpkg_-haiku.hpkg>haiku.package-copy-files-dummy-data/locale/catalogs/x-vnd.Haiku-Pairs 
AppendToContainerCopyFilesScript <hpkg_-haiku.hpkg>haiku.package-copy-files-dummy-data/locale/catalogs/x-vnd.Haiku.PatchBay 
AppendToContainerCopyFilesScript <hpkg_-haiku.hpkg>haiku.package-copy-files-dummy-data/locale/catalogs/x-vnd.Haiku-Playground 
AppendToContainerCopyFilesScript <hpkg_-haiku.hpkg>haiku.package-copy-files-dummy-data/locale/catalogs/x-vnd.Haiku-Pulse 
AppendToContainerCopyFilesScript <hpkg_-haiku.hpkg>haiku.package-copy-files-dummy-data/locale/catalogs/x-vnd.Haiku-Sudoku 
AppendToContainerCopyFilesScript <hpkg_-haiku.hpkg>haiku.package-copy-files-dummy-boot 
AppendToContainerCopyFilesScript <hpkg_-haiku.hpkg>haiku.package-copy-files-dummy-boot/post-install 
AppendToContainerCopyFilesScript <hpkg_-haiku.hpkg>haiku.package-copy-files-dummy-data/spell_check/word_dictionary 
AppendToContainerCopyFilesScript <hpkg_-haiku.hpkg>haiku.package-copy-files-dummy-data/fortunes 
AppendToContainerCopyFilesScript <hpkg_-haiku.hpkg>haiku.package-copy-files-dummy-data/fonts/psfonts 
AppendToContainerCopyFilesScript <hpkg_-haiku.hpkg>haiku.package-copy-files-dummy-data/Keymaps 
AddSymlinkToContainerCopyFilesScript <hpkg_-haiku.hpkg>data/Keymaps/Finnish 
AddSymlinkToContainerCopyFilesScript <hpkg_-haiku.hpkg>data/Keymaps/Croatian 
AddSymlinkToContainerCopyFilesScript <hpkg_-haiku.hpkg>data/Keymaps/Brazilian 
AppendToContainerCopyFilesScript <hpkg_-haiku.hpkg>haiku.package-copy-files-dummy-data/KeyboardLayouts 
AppendToContainerCopyFilesScript <hpkg_-haiku.hpkg>haiku.package-copy-files-dummy-data/KeyboardLayouts/Apple Aluminum 
AppendToContainerCopyFilesScript <hpkg_-haiku.hpkg>haiku.package-copy-files-dummy-data/KeyboardLayouts/ThinkPad 
AddSymlinkToContainerCopyFilesScript <hpkg_-haiku.hpkg>add-ons/kernel/boot/acpi 
AddSymlinkToContainerCopyFilesScript <hpkg_-haiku.hpkg>add-ons/kernel/boot/ahci 
AddSymlinkToContainerCopyFilesScript <hpkg_-haiku.hpkg>add-ons/kernel/boot/ata 
AddSymlinkToContainerCopyFilesScript <hpkg_-haiku.hpkg>add-ons/kernel/boot/ata_adapter 
AddSymlinkToContainerCopyFilesScript <hpkg_-haiku.hpkg>add-ons/kernel/boot/bfs 
AddSymlinkToContainerCopyFilesScript <hpkg_-haiku.hpkg>add-ons/kernel/boot/config_manager 
AddSymlinkToContainerCopyFilesScript <hpkg_-haiku.hpkg>add-ons/kernel/boot/dpc 
AddSymlinkToContainerCopyFilesScript <hpkg_-haiku.hpkg>add-ons/kernel/boot/efi_gpt 
AddSymlinkToContainerCopyFilesScript <hpkg_-haiku.hpkg>add-ons/kernel/boot/generic_ide_pci 
AddSymlinkToContainerCopyFilesScript <hpkg_-haiku.hpkg>add-ons/kernel/boot/ide_isa 
AddSymlinkToContainerCopyFilesScript <hpkg_-haiku.hpkg>add-ons/kernel/boot/isa 
AddSymlinkToContainerCopyFilesScript <hpkg_-haiku.hpkg>add-ons/kernel/boot/intel 
AddSymlinkToContainerCopyFilesScript <hpkg_-haiku.hpkg>add-ons/kernel/boot/it8211 
AddSymlinkToContainerCopyFilesScript <hpkg_-haiku.hpkg>add-ons/kernel/boot/legacy_sata 
...on 700th target...
AddSymlinkToContainerCopyFilesScript <hpkg_-haiku.hpkg>add-ons/kernel/boot/locked_pool 
AddSymlinkToContainerCopyFilesScript <hpkg_-haiku.hpkg>add-ons/kernel/boot/packagefs 
AddSymlinkToContainerCopyFilesScript <hpkg_-haiku.hpkg>add-ons/kernel/boot/pci 
AddSymlinkToContainerCopyFilesScript <hpkg_-haiku.hpkg>add-ons/kernel/boot/scsi 
AddSymlinkToContainerCopyFilesScript <hpkg_-haiku.hpkg>add-ons/kernel/boot/scsi_cd 
AddSymlinkToContainerCopyFilesScript <hpkg_-haiku.hpkg>add-ons/kernel/boot/scsi_disk 
AddSymlinkToContainerCopyFilesScript <hpkg_-haiku.hpkg>add-ons/kernel/boot/scsi_periph 
AddSymlinkToContainerCopyFilesScript <hpkg_-haiku.hpkg>add-ons/kernel/boot/silicon_image_3112 
AddSymlinkToContainerCopyFilesScript <hpkg_-haiku.hpkg>add-ons/kernel/boot/usb 
AddSymlinkToContainerCopyFilesScript <hpkg_-haiku.hpkg>add-ons/kernel/boot/usb_disk 
AddSymlinkToContainerCopyFilesScript <hpkg_-haiku.hpkg>add-ons/kernel/boot/ehci 
AddSymlinkToContainerCopyFilesScript <hpkg_-haiku.hpkg>add-ons/kernel/boot/ohci 
AddSymlinkToContainerCopyFilesScript <hpkg_-haiku.hpkg>add-ons/kernel/boot/uhci 
AddSymlinkToContainerCopyFilesScript <hpkg_-haiku.hpkg>add-ons/kernel/boot/virtio 
AddSymlinkToContainerCopyFilesScript <hpkg_-haiku.hpkg>add-ons/kernel/boot/virtio_block 
AddSymlinkToContainerCopyFilesScript <hpkg_-haiku.hpkg>add-ons/kernel/boot/virtio_pci 
AddSymlinkToContainerCopyFilesScript <hpkg_-haiku.hpkg>add-ons/kernel/boot/virtio_scsi 
AppendToContainerCopyFilesScript <hpkg_-haiku.hpkg>haiku.package-copy-files-dummy-add-ons/accelerants 
AppendToContainerCopyFilesScript <hpkg_-haiku.hpkg>haiku.package-copy-files-dummy-add-ons/Translators 
AppendToContainerCopyFilesScript <hpkg_-haiku.hpkg>haiku.package-copy-files-dummy-data/locale/catalogs/x-vnd.Haiku-STXTTranslator 
AppendToContainerCopyFilesScript <hpkg_-haiku.hpkg>haiku.package-copy-files-dummy-data/locale/catalogs/x-vnd.Haiku-BMPTranslator 
AppendToContainerCopyFilesScript <hpkg_-haiku.hpkg>haiku.package-copy-files-dummy-data/locale/catalogs/x-vnd.Haiku-EXRTranslator 
AppendToContainerCopyFilesScript <hpkg_-haiku.hpkg>haiku.package-copy-files-dummy-data/locale/catalogs/x-vnd.Haiku-GIFTranslator 
AppendToContainerCopyFilesScript <hpkg_-haiku.hpkg>haiku.package-copy-files-dummy-data/locale/catalogs/x-vnd.Haiku-HVIFTranslator 
AppendToContainerCopyFilesScript <hpkg_-haiku.hpkg>haiku.package-copy-files-dummy-data/locale/catalogs/x-vnd.Haiku-ICOTranslator 
AppendToContainerCopyFilesScript <hpkg_-haiku.hpkg>haiku.package-copy-files-dummy-data/locale/catalogs/x-vnd.Haiku-ICNSTranslator 
AppendToContainerCopyFilesScript <hpkg_-haiku.hpkg>haiku.package-copy-files-dummy-data/locale/catalogs/x-vnd.Haiku-JPEGTranslator 
AppendToContainerCopyFilesScript <hpkg_-haiku.hpkg>haiku.package-copy-files-dummy-data/locale/catalogs/x-vnd.Haiku-JPEG2000Translator 
AppendToContainerCopyFilesScript <hpkg_-haiku.hpkg>haiku.package-copy-files-dummy-data/locale/catalogs/x-vnd.Haiku-PCXTranslator 
AppendToContainerCopyFilesScript <hpkg_-haiku.hpkg>haiku.package-copy-files-dummy-data/locale/catalogs/x-vnd.Haiku-PNGTranslator 
AppendToContainerCopyFilesScript <hpkg_-haiku.hpkg>haiku.package-copy-files-dummy-data/locale/catalogs/x-vnd.Haiku-PPMTranslator 
AppendToContainerCopyFilesScript <hpkg_-haiku.hpkg>haiku.package-copy-files-dummy-data/locale/catalogs/x-vnd.Haiku-PSDTranslator 
AppendToContainerCopyFilesScript <hpkg_-haiku.hpkg>haiku.package-copy-files-dummy-data/locale/catalogs/x-vnd.Haiku-RAWTranslator 
AppendToContainerCopyFilesScript <hpkg_-haiku.hpkg>haiku.package-copy-files-dummy-data/locale/catalogs/x-vnd.Haiku-RTFTranslator 
AppendToContainerCopyFilesScript <hpkg_-haiku.hpkg>haiku.package-copy-files-dummy-data/locale/catalogs/x-vnd.Haiku-SGITranslator 
AppendToContainerCopyFilesScript <hpkg_-haiku.hpkg>haiku.package-copy-files-dummy-data/locale/catalogs/x-vnd.Haiku-TGATranslator 
AppendToContainerCopyFilesScript <hpkg_-haiku.hpkg>haiku.package-copy-files-dummy-data/locale/catalogs/x-vnd.Haiku-TIFFTranslator 
AppendToContainerCopyFilesScript <hpkg_-haiku.hpkg>haiku.package-copy-files-dummy-data/locale/catalogs/x-vnd.Haiku-WebPTranslator 
AppendToContainerCopyFilesScript <hpkg_-haiku.hpkg>haiku.package-copy-files-dummy-data/locale/catalogs/x-vnd.Haiku-WonderBrushTranslator 
AppendToContainerCopyFilesScript <hpkg_-haiku.hpkg>haiku.package-copy-files-dummy-add-ons/locale/catalogs 
AppendToContainerCopyFilesScript <hpkg_-haiku.hpkg>haiku.package-copy-files-dummy-add-ons/mail_daemon/inbound_protocols 
AppendToContainerCopyFilesScript <hpkg_-haiku.hpkg>haiku.package-copy-files-dummy-data/locale/catalogs/x-vnd.Haiku-POP3 
AppendToContainerCopyFilesScript <hpkg_-haiku.hpkg>haiku.package-copy-files-dummy-data/locale/catalogs/x-vnd.Haiku-IMAP 
AppendToContainerCopyFilesScript <hpkg_-haiku.hpkg>haiku.package-copy-files-dummy-add-ons/mail_daemon/outbound_protocols 
AppendToContainerCopyFilesScript <hpkg_-haiku.hpkg>haiku.package-copy-files-dummy-data/locale/catalogs/x-vnd.Haiku-SMTP 
AppendToContainerCopyFilesScript <hpkg_-haiku.hpkg>haiku.package-copy-files-dummy-add-ons/mail_daemon/inbound_filters 
AppendToContainerCopyFilesScript <hpkg_-haiku.hpkg>haiku.package-copy-files-dummy-data/locale/catalogs/x-vnd.Haiku-MatchHeader 
AppendToContainerCopyFilesScript <hpkg_-haiku.hpkg>haiku.package-copy-files-dummy-data/locale/catalogs/x-vnd.Haiku-SpamFilter 
AppendToContainerCopyFilesScript <hpkg_-haiku.hpkg>haiku.package-copy-files-dummy-data/locale/catalogs/x-vnd.Haiku-NewMailNotification 
AppendToContainerCopyFilesScript <hpkg_-haiku.hpkg>haiku.package-copy-files-dummy-add-ons/mail_daemon/outbound_filters 
AppendToContainerCopyFilesScript <hpkg_-haiku.hpkg>haiku.package-copy-files-dummy-data/locale/catalogs/x-vnd.Haiku-Fortune 
AppendToContainerCopyFilesScript <hpkg_-haiku.hpkg>haiku.package-copy-files-dummy-add-ons/media 
AppendToContainerCopyFilesScript <hpkg_-haiku.hpkg>haiku.package-copy-files-dummy-data/locale/catalogs/x-vnd.Haiku-hmulti_audio.media_addon 
AppendToContainerCopyFilesScript <hpkg_-haiku.hpkg>haiku.package-copy-files-dummy-data/locale/catalogs/x-vnd.Haiku-mixer.media_addon 
AppendToContainerCopyFilesScript <hpkg_-haiku.hpkg>haiku.package-copy-files-dummy-add-ons/media/plugins 
AppendToContainerCopyFilesScript <hpkg_-haiku.hpkg>haiku.package-copy-files-dummy-add-ons/Network Settings 
haiku_welcome.hpkg: Creating the package ...
AppendToContainerCopyFilesScript <hpkg_-haiku.hpkg>haiku.package-copy-files-dummy-data/locale/catalogs/x-vnd.Haiku-IPv4Interface 
AppendToContainerCopyFilesScript <hpkg_-haiku.hpkg>haiku.package-copy-files-dummy-data/locale/catalogs/x-vnd.Haiku-IPv6Interface 
AppendToContainerCopyFilesScript <hpkg_-haiku.hpkg>haiku.package-copy-files-dummy-data/locale/catalogs/x-vnd.Haiku-DNSClientService 
AppendToContainerCopyFilesScript <hpkg_-haiku.hpkg>haiku.package-copy-files-dummy-data/locale/catalogs/x-vnd.Haiku-FTPService 
AppendToContainerCopyFilesScript <hpkg_-haiku.hpkg>haiku.package-copy-files-dummy-data/locale/catalogs/x-vnd.Haiku-SSHService 
AppendToContainerCopyFilesScript <hpkg_-haiku.hpkg>haiku.package-copy-files-dummy-data/locale/catalogs/x-vnd.Haiku-TelnetService 
AppendToContainerCopyFilesScript <hpkg_-haiku.hpkg>haiku.package-copy-files-dummy-add-ons/Tracker 
AddSymlinkToContainerCopyFilesScript <hpkg_-haiku.hpkg>add-ons/Tracker/Background 
AddSymlinkToContainerCopyFilesScript <hpkg_-haiku.hpkg>add-ons/Tracker/TextSearch 
AddSymlinkToContainerCopyFilesScript <hpkg_-haiku.hpkg>add-ons/Tracker/DiskUsage 
AppendToContainerCopyFilesScript <hpkg_-haiku.hpkg>haiku.package-copy-files-dummy-data/locale/catalogs/x-vnd.haiku.zip-o-matic 
AppendToContainerCopyFilesScript <hpkg_-haiku.hpkg>haiku.package-copy-files-dummy-add-ons/input_server/devices 
AppendToContainerCopyFilesScript <hpkg_-haiku.hpkg>haiku.package-copy-files-dummy-data/locale/catalogs/x-vnd.Haiku-KeyboardInputServerDevice 
AppendToContainerCopyFilesScript <hpkg_-haiku.hpkg>haiku.package-copy-files-dummy-add-ons/input_server/filters 
AppendToContainerCopyFilesScript <hpkg_-haiku.hpkg>haiku.package-copy-files-dummy-add-ons/kernel/network 
AppendToContainerCopyFilesScript <hpkg_-haiku.hpkg>haiku.package-copy-files-dummy-add-ons/kernel/network/devices 
AppendToContainerCopyFilesScript <hpkg_-haiku.hpkg>haiku.package-copy-files-dummy-add-ons/kernel/network/datalink_protocols 
AppendToContainerCopyFilesScript <hpkg_-haiku.hpkg>haiku.package-copy-files-dummy-add-ons/kernel/network/protocols 
AppendToContainerCopyFilesScript <hpkg_-haiku.hpkg>haiku.package-copy-files-dummy-add-ons/Print 
AppendToContainerCopyFilesScript <hpkg_-haiku.hpkg>haiku.package-copy-files-dummy-add-ons/Print/transport 
AppendToContainerCopyFilesScript <hpkg_-haiku.hpkg>haiku.package-copy-files-dummy-add-ons/Screen Savers 
AppendToContainerCopyFilesScript <hpkg_-haiku.hpkg>haiku.package-copy-files-dummy-data/locale/catalogs/x-vnd.Haiku-ButterflyScreensaver 
AppendToContainerCopyFilesScript <hpkg_-haiku.hpkg>haiku.package-copy-files-dummy-data/locale/catalogs/x-vnd.Haiku-DebugNowScreensaver 
AppendToContainerCopyFilesScript <hpkg_-haiku.hpkg>haiku.package-copy-files-dummy-data/locale/catalogs/x-vnd.Haiku-FlurryScreensaver 
AppendToContainerCopyFilesScript <hpkg_-haiku.hpkg>haiku.package-copy-files-dummy-data/locale/catalogs/x-vnd.Haiku-GLifeScreensaver 
AppendToContainerCopyFilesScript <hpkg_-haiku.hpkg>haiku.package-copy-files-dummy-data/locale/catalogs/x-vnd.Haiku-GravityScreensaver 
AppendToContainerCopyFilesScript <hpkg_-haiku.hpkg>haiku.package-copy-files-dummy-data/locale/catalogs/x-vnd.Haiku-IconsScreensaver 
AppendToContainerCopyFilesScript <hpkg_-haiku.hpkg>haiku.package-copy-files-dummy-data/locale/catalogs/x-vnd.Haiku-IFSScreensaver 
AppendToContainerCopyFilesScript <hpkg_-haiku.hpkg>haiku.package-copy-files-dummy-data/locale/catalogs/x-vnd.Haiku-LeavesScreensaver 
AppendToContainerCopyFilesScript <hpkg_-haiku.hpkg>haiku.package-copy-files-dummy-data/locale/catalogs/x-vnd.Haiku-MessageScreensaver 
AppendToContainerCopyFilesScript <hpkg_-haiku.hpkg>haiku.package-copy-files-dummy-data/locale/catalogs/x-vnd.Haiku-SpiderScreensaver 
AppendToContainerCopyFilesScript <hpkg_-haiku.hpkg>haiku.package-copy-files-dummy-add-ons/disk_systems 
AppendToContainerCopyFilesScript <hpkg_-haiku.hpkg>haiku.package-copy-files-dummy-data/locale/catalogs/x-vnd.Haiku-IntelDiskAddOn 
AppendToContainerCopyFilesScript <hpkg_-haiku.hpkg>haiku.package-copy-files-dummy-data/locale/catalogs/x-vnd.Haiku-BFSAddOn 
AppendToContainerCopyFilesScript <hpkg_-haiku.hpkg>haiku.package-copy-files-dummy-data/locale/catalogs/x-vnd.Haiku-NTFSDiskAddOn 
AddSymlinkToContainerCopyFilesScript <hpkg_-haiku.hpkg>data/deskbar/menu/Applications/ActivityMonitor 
AddSymlinkToContainerCopyFilesScript <hpkg_-haiku.hpkg>data/deskbar/menu/Applications/CharacterMap 
InitScript1 /home/xinyx/software/Edison/haiku/generated/objects/haiku/x86/packaging/packages_build/regular/hpkg_-netfs.hpkg/scripts/haiku.package-init-vars 
AddSymlinkToContainerCopyFilesScript <hpkg_-haiku.hpkg>data/deskbar/menu/Applications/DeskCalc 
AddSymlinkToContainerCopyFilesScript <hpkg_-haiku.hpkg>data/deskbar/menu/Applications/Devices 
AddSymlinkToContainerCopyFilesScript <hpkg_-haiku.hpkg>data/deskbar/menu/Applications/DiskProbe 
AddSymlinkToContainerCopyFilesScript <hpkg_-haiku.hpkg>data/deskbar/menu/Applications/DiskUsage 
AddTargetVariableToScript1 <unique!target>_target_07 
AddTargetVariableToScript1 <unique!target>_target_17 
...on 800th target...
AddSymlinkToContainerCopyFilesScript <hpkg_-haiku.hpkg>data/deskbar/menu/Applications/DriveSetup 
AddSymlinkToContainerCopyFilesScript <hpkg_-haiku.hpkg>data/deskbar/menu/Applications/Expander 
AddTargetVariableToScript1 <unique!target>_target_27 
AddSymlinkToContainerCopyFilesScript <hpkg_-haiku.hpkg>data/deskbar/menu/Applications/StyledEdit 
AddSymlinkToContainerCopyFilesScript <hpkg_-haiku.hpkg>data/deskbar/menu/Applications/Terminal 
AddTargetVariableToScript1 <unique!target>_target_37 
AddSymlinkToContainerCopyFilesScript <hpkg_-haiku.hpkg>data/deskbar/menu/Applications/CodyCam 
AddTargetVariableToScript1 <unique!target>_target_47 
AddSymlinkToContainerCopyFilesScript <hpkg_-haiku.hpkg>data/deskbar/menu/Applications/HaikuDepot 
AddTargetVariableToScript1 <unique!target>_target_57 
AddSymlinkToContainerCopyFilesScript <hpkg_-haiku.hpkg>data/deskbar/menu/Applications/Icon-O-Matic 
AddTargetVariableToScript1 <unique!target>_target_67 
AddSymlinkToContainerCopyFilesScript <hpkg_-haiku.hpkg>data/deskbar/menu/Applications/Installer 
AddTargetVariableToScript1 <unique!target>_target_77 
AddSymlinkToContainerCopyFilesScript <hpkg_-haiku.hpkg>data/deskbar/menu/Applications/Magnify 
AddTargetVariableToScript1 <unique!target>_target_87 
AddSymlinkToContainerCopyFilesScript <hpkg_-haiku.hpkg>data/deskbar/menu/Applications/Mail 
AddVariableToScript1 /home/xinyx/software/Edison/haiku/generated/objects/haiku/x86/packaging/packages_build/regular/hpkg_-netfs.hpkg/scripts/haiku.package-init-vars 
AddSymlinkToContainerCopyFilesScript <hpkg_-haiku.hpkg>data/deskbar/menu/Applications/MediaConverter 
AddSymlinkToContainerCopyFilesScript <hpkg_-haiku.hpkg>data/deskbar/menu/Applications/MediaPlayer 
AddSymlinkToContainerCopyFilesScript <hpkg_-haiku.hpkg>data/deskbar/menu/Applications/MidiPlayer 
InitScript1 /home/xinyx/software/Edison/haiku/generated/objects/haiku/x86/packaging/packages_build/regular/hpkg_-netfs.hpkg/scripts/haiku.package-make-dirs 
AddSymlinkToContainerCopyFilesScript <hpkg_-haiku.hpkg>data/deskbar/menu/Applications/People 
AddSymlinkToContainerCopyFilesScript <hpkg_-haiku.hpkg>data/deskbar/menu/Applications/PoorMan 
AddSymlinkToContainerCopyFilesScript <hpkg_-haiku.hpkg>data/deskbar/menu/Applications/SerialConnect 
AddSymlinkToContainerCopyFilesScript <hpkg_-haiku.hpkg>data/deskbar/menu/Applications/SoundRecorder 
CreateContainerMakeDirectoriesScript1 /home/xinyx/software/Edison/haiku/generated/objects/haiku/x86/packaging/packages_build/regular/hpkg_-netfs.hpkg/scripts/haiku.package-make-dirs 
AddSymlinkToContainerCopyFilesScript <hpkg_-haiku.hpkg>data/deskbar/menu/Applications/TV 
InitScript1 /home/xinyx/software/Edison/haiku/generated/objects/haiku/x86/packaging/packages_build/regular/hpkg_-netfs.hpkg/scripts/haiku.package-copy-files 
AddSymlinkToContainerCopyFilesScript <hpkg_-haiku.hpkg>data/deskbar/menu/Desktop applets/NetworkStatus 
AddSymlinkToContainerCopyFilesScript <hpkg_-haiku.hpkg>data/deskbar/menu/Desktop applets/ProcessController 
AddSymlinkToContainerCopyFilesScript <hpkg_-haiku.hpkg>data/deskbar/menu/Desktop applets/Workspaces 
AppendToContainerCopyFilesScript <hpkg_-netfs.hpkg>haiku.package-copy-files-dummy-add-ons/userlandfs 
AddSymlinkToContainerCopyFilesScript <hpkg_-haiku.hpkg>data/deskbar/menu/Desktop applets/LaunchBox 
AppendToContainerCopyFilesScript <hpkg_-netfs.hpkg>haiku.package-copy-files-dummy-servers 
AddSymlinkToContainerCopyFilesScript <hpkg_-haiku.hpkg>data/deskbar/menu/Desktop applets/PowerStatus 
AddSymlinkToContainerCopyFilesScript <hpkg_-haiku.hpkg>data/deskbar/menu/Preferences/Appearance 
AddDirectoryToContainerCopyFilesScript <hpkg_-netfs.hpkg>data/mime_db/-/<mimedb-app->netfs_server_mimedb 
AddSymlinkToContainerCopyFilesScript <hpkg_-haiku.hpkg>data/deskbar/menu/Preferences/Backgrounds 
AddSymlinkToContainerCopyFilesScript <hpkg_-haiku.hpkg>data/deskbar/menu/Preferences/Deskbar 
AddDirectoryToContainerCopyFilesScript <hpkg_-netfs.hpkg>data/mime_db/-/<mimedb-app->authentication_server_mimedb 
AddSymlinkToContainerCopyFilesScript <hpkg_-haiku.hpkg>data/deskbar/menu/Preferences/FileTypes 
AddSymlinkToContainerCopyFilesScript <hpkg_-haiku.hpkg>data/deskbar/menu/Preferences/Keyboard 
AppendToContainerCopyFilesScript <hpkg_-netfs.hpkg>haiku.package-copy-files-dummy-bin 
AppendToContainerCopyFilesScript <hpkg_-netfs.hpkg>haiku.package-copy-files-dummy-data/userlandfs/file_systems 
AppendToContainerCopyFilesScript <hpkg_-netfs.hpkg>haiku.package-copy-files-dummy-documentation/add-ons 
AddSymlinkToContainerCopyFilesScript <hpkg_-haiku.hpkg>data/deskbar/menu/Preferences/Keymap 
InitScript1 /home/xinyx/software/Edison/haiku/generated/objects/haiku/x86/packaging/packages_build/regular/hpkg_-netfs.hpkg/scripts/haiku.package-extract-files 
AddSymlinkToContainerCopyFilesScript <hpkg_-haiku.hpkg>data/deskbar/menu/Preferences/Locale 
AddSymlinkToContainerCopyFilesScript <hpkg_-haiku.hpkg>data/deskbar/menu/Preferences/Mouse 
AddSymlinkToContainerCopyFilesScript <hpkg_-haiku.hpkg>data/deskbar/menu/Preferences/Network 
AddSymlinkToContainerCopyFilesScript <hpkg_-haiku.hpkg>data/deskbar/menu/Preferences/Notifications 
AddSymlinkToContainerCopyFilesScript <hpkg_-haiku.hpkg>data/deskbar/menu/Preferences/Screen 
BuildHaikuPackage1 /home/xinyx/software/Edison/haiku/generated/objects/haiku/x86/packaging/packages/netfs.hpkg 
AddSymlinkToContainerCopyFilesScript <hpkg_-haiku.hpkg>data/deskbar/menu/Preferences/Shortcuts 
AddSymlinkToContainerCopyFilesScript <hpkg_-haiku.hpkg>data/deskbar/menu/Preferences/Time 
AddSymlinkToContainerCopyFilesScript <hpkg_-haiku.hpkg>data/deskbar/menu/Preferences/Touchpad 
netfs.hpkg: Removing and re-creating package contents dir ...
AddSymlinkToContainerCopyFilesScript <hpkg_-haiku.hpkg>data/deskbar/menu/Preferences/Tracker 
AddSymlinkToContainerCopyFilesScript <hpkg_-haiku.hpkg>data/deskbar/menu/Preferences/VirtualMemory 
AddSymlinkToContainerCopyFilesScript <hpkg_-haiku.hpkg>data/deskbar/menu/Preferences/DataTranslations 
AddSymlinkToContainerCopyFilesScript <hpkg_-haiku.hpkg>data/deskbar/menu/Preferences/E-mail 
AddSymlinkToContainerCopyFilesScript <hpkg_-haiku.hpkg>data/deskbar/menu/Preferences/Media 
netfs.hpkg: Collecting package contents ...
AddSymlinkToContainerCopyFilesScript <hpkg_-haiku.hpkg>data/deskbar/menu/Preferences/Printers 
AddSymlinkToContainerCopyFilesScript <hpkg_-haiku.hpkg>data/deskbar/menu/Preferences/ScreenSaver 
AddSymlinkToContainerCopyFilesScript <hpkg_-haiku.hpkg>data/deskbar/menu/Preferences/Sounds 
AddSymlinkToContainerCopyFilesScript <hpkg_-haiku.hpkg>data/deskbar/menu/Demos/Chart 
AddSymlinkToContainerCopyFilesScript <hpkg_-haiku.hpkg>data/deskbar/menu/Demos/Clock 
AddSymlinkToContainerCopyFilesScript <hpkg_-haiku.hpkg>data/deskbar/menu/Demos/Cortex 
AddSymlinkToContainerCopyFilesScript <hpkg_-haiku.hpkg>data/deskbar/menu/Demos/FontDemo 
AddSymlinkToContainerCopyFilesScript <hpkg_-haiku.hpkg>data/deskbar/menu/Demos/GLTeapot 
AddSymlinkToContainerCopyFilesScript <hpkg_-haiku.hpkg>data/deskbar/menu/Demos/Mandelbrot 
AddSymlinkToContainerCopyFilesScript <hpkg_-haiku.hpkg>data/deskbar/menu/Demos/OverlayImage 
AddSymlinkToContainerCopyFilesScript <hpkg_-haiku.hpkg>data/deskbar/menu/Demos/Pairs 
AddSymlinkToContainerCopyFilesScript <hpkg_-haiku.hpkg>data/deskbar/menu/Demos/PatchBay 
AddSymlinkToContainerCopyFilesScript <hpkg_-haiku.hpkg>data/deskbar/menu/Demos/Playground 
AddSymlinkToContainerCopyFilesScript <hpkg_-haiku.hpkg>data/deskbar/menu/Demos/Pulse 
AddSymlinkToContainerCopyFilesScript <hpkg_-haiku.hpkg>data/deskbar/menu/Demos/Sudoku 
AppendToContainerCopyFilesScript <hpkg_-haiku.hpkg>haiku.package-copy-files-dummy-data/deskbar 
AddDirectoryToContainerCopyFilesScript <hpkg_-haiku.hpkg>data/PDF Writer/-/<copy-directory-to-container>/home/xinyx/software/Edison/haiku/src/add-ons/print/drivers/pdf/encoding 
AddDirectoryToContainerCopyFilesScript <hpkg_-haiku.hpkg>data/licenses/-/<copy-directory-to-container>/home/xinyx/software/Edison/haiku/data/system/data/licenses 
AddDirectoryToContainerCopyFilesScript <hpkg_-haiku.hpkg>documentation/diskusage/-/<copy-directory-to-container>/home/xinyx/software/Edison/haiku/docs/apps/diskusage 
AddDirectoryToContainerCopyFilesScript <hpkg_-haiku.hpkg>documentation/pdflib/-/<copy-directory-to-container>/home/xinyx/software/Edison/haiku/src/libs/pdflib/doc 
AddDirectoryToContainerCopyFilesScript <hpkg_-haiku.hpkg>develop/sample-code/pdflib/-/<copy-directory-to-container>/home/xinyx/software/Edison/haiku/src/libs/pdflib/bind/pdflib 
BuildHaikuPackage1 /home/xinyx/software/Edison/haiku/generated/objects/haiku/x86/packaging/packages/haiku.hpkg 
haiku.hpkg: Removing and re-creating package contents dir ...
netfs.hpkg: mimeset'ing package contents ...
netfs.hpkg: Creating the package ...
InitScript1 /home/xinyx/software/Edison/haiku/generated/objects/haiku/x86/packaging/packages_build/regular/hpkg_-userland_fs.hpkg/scripts/haiku.package-init-vars 
AddTargetVariableToScript1 <unique!target>_target_97 
AddTargetVariableToScript1 <unique!target>_target_08 
AddTargetVariableToScript1 <unique!target>_target_18 
AddTargetVariableToScript1 <unique!target>_target_28 
AddTargetVariableToScript1 <unique!target>_target_38 
AddTargetVariableToScript1 <unique!target>_target_48 
AddTargetVariableToScript1 <unique!target>_target_58 
AddTargetVariableToScript1 <unique!target>_target_68 
AddTargetVariableToScript1 <unique!target>_target_78 
AddVariableToScript1 /home/xinyx/software/Edison/haiku/generated/objects/haiku/x86/packaging/packages_build/regular/hpkg_-userland_fs.hpkg/scripts/haiku.package-init-vars 
InitScript1 /home/xinyx/software/Edison/haiku/generated/objects/haiku/x86/packaging/packages_build/regular/hpkg_-userland_fs.hpkg/scripts/haiku.package-make-dirs 
CreateContainerMakeDirectoriesScript1 /home/xinyx/software/Edison/haiku/generated/objects/haiku/x86/packaging/packages_build/regular/hpkg_-userland_fs.hpkg/scripts/haiku.package-make-dirs 
InitScript1 /home/xinyx/software/Edison/haiku/generated/objects/haiku/x86/packaging/packages_build/regular/hpkg_-userland_fs.hpkg/scripts/haiku.package-copy-files 
AppendToContainerCopyFilesScript <hpkg_-userland_fs.hpkg>haiku.package-copy-files-dummy-add-ons/kernel/file_systems 
AppendToContainerCopyFilesScript <hpkg_-userland_fs.hpkg>haiku.package-copy-files-dummy-servers 
...on 900th target...
AddDirectoryToContainerCopyFilesScript <hpkg_-userland_fs.hpkg>data/mime_db/-/<mimedb-app->userlandfs_server_mimedb 
AppendToContainerCopyFilesScript <hpkg_-userland_fs.hpkg>haiku.package-copy-files-dummy-lib 
AddSymlinkToContainerCopyFilesScript <hpkg_-userland_fs.hpkg>develop/lib/libuserlandfs_beos_kernel.so 
AddSymlinkToContainerCopyFilesScript <hpkg_-userland_fs.hpkg>develop/lib/libuserlandfs_haiku_kernel.so 
AddSymlinkToContainerCopyFilesScript <hpkg_-userland_fs.hpkg>develop/lib/libuserlandfs_fuse.so 
AppendToContainerCopyFilesScript <hpkg_-userland_fs.hpkg>haiku.package-copy-files-dummy-develop/headers/userlandfs/fuse 
InitScript1 /home/xinyx/software/Edison/haiku/generated/objects/haiku/x86/packaging/packages_build/regular/hpkg_-userland_fs.hpkg/scripts/haiku.package-extract-files 
BuildHaikuPackage1 /home/xinyx/software/Edison/haiku/generated/objects/haiku/x86/packaging/packages/userland_fs.hpkg 
userland_fs.hpkg: Removing and re-creating package contents dir ...
haiku_devel.hpkg: mimeset'ing package contents ...
userland_fs.hpkg: Collecting package contents ...
userland_fs.hpkg: mimeset'ing package contents ...
userland_fs.hpkg: Creating the package ...
InitScript1 /home/xinyx/software/Edison/haiku/generated/haiku.image-make-dirs 
CreateContainerMakeDirectoriesScript1 /home/xinyx/software/Edison/haiku/generated/haiku.image-make-dirs 
InitScript1 /home/xinyx/software/Edison/haiku/generated/haiku.image-copy-files 
BuildHaikuImageUserGroupFile /home/xinyx/software/Edison/haiku/generated/objects/common/group 
BuildHaikuImageUserGroupFile /home/xinyx/software/Edison/haiku/generated/objects/common/passwd 
AppendToContainerCopyFilesScript <HaikuImage>haiku.image-copy-files-dummy-system/settings/etc 
AppendToContainerCopyFilesScriptSingleFile <HaikuImage>haiku.image-copy-files-dummy-system/packages-haiku_loader.hpkg 
BuildHaikuImageHostnameFile /home/xinyx/software/Edison/haiku/generated/objects/common/hostname 
InitScript1 /home/xinyx/software/Edison/haiku/generated/haiku.image-extract-files 
AddExtractFileToContainerExtractFilesScript <HaikuImage>haiku.image-extract-files-dummy-home/config/settings/WebPositive-<download>WebPositiveBookmarks-2014-07-21.zip 
haiku.hpkg: Collecting package contents ...
haiku_userguide.hpkg: mimeset'ing package contents ...
haiku_devel.hpkg: Creating the package ...
haiku_userguide.hpkg: Creating the package ...
haiku.hpkg: mimeset'ing package contents ...
haiku.hpkg: Creating the package ...
AddTargetVariableToScript1 <unique!target>_target_191 
HaikuRepository1 /home/xinyx/software/Edison/haiku/generated/objects/haiku/x86/packaging/repositories/Haiku 
AppendToContainerCopyFilesScriptSingleFile <HaikuImage>haiku.image-copy-files-dummy-system/packages-haiku.hpkg 
AppendToContainerCopyFilesScriptSingleFile <HaikuImage>haiku.image-copy-files-dummy-system/packages-haiku_devel.hpkg 
AppendToContainerCopyFilesScriptSingleFile <HaikuImage>haiku.image-copy-files-dummy-system/packages-makefile_engine.hpkg 
AppendToContainerCopyFilesScriptSingleFile <HaikuImage>haiku.image-copy-files-dummy-system/packages-webpositive.hpkg 
AppendToContainerCopyFilesScript <HaikuImage>haiku.image-copy-files-dummy-system/packages 
AddSymlinkToContainerCopyFilesScript <HaikuImage>home/Desktop/Home 
AppendToContainerCopyFilesScript <HaikuImage>haiku.image-copy-files-dummy-home/config/settings/boot 
AppendToContainerCopyFilesScript <HaikuImage>haiku.image-copy-files-dummy-system/settings/etc/profile.d 
AppendToContainerCopyFilesScript <HaikuImage>haiku.image-copy-files-dummy-home/config/settings/kernel/drivers 
AppendToContainerCopyFilesScript <HaikuImage>haiku.image-copy-files-dummy-system/settings/network 
AppendToContainerCopyFilesScript <HaikuImage>haiku.image-copy-files-dummy-system/settings 
AppendToContainerCopyFilesScript <HaikuImage>haiku.image-copy-files-dummy-home/config/settings/Mail/ProviderInfo 
AppendToContainerCopyFilesScript <HaikuImage>haiku.image-copy-files-dummy-home/config/settings/Tracker/Tracker New Templates 
AddDirectoryToContainerCopyFilesScript <HaikuImage>home/config/settings/Media/dvb/-/<copy-directory-to-container>/home/xinyx/software/Edison/haiku/data/settings/media/dvb 
AppendToContainerCopyFilesScriptSingleFile <HaikuImage>haiku.image-copy-files-dummy-system/settings/package-repositories-<repository-config>HaikuPorts-config 
AppendToContainerCopyFilesScriptSingleFile <HaikuImage>haiku.image-copy-files-dummy-system/settings/package-repositories-<repository-config>Haiku-config 
haiku (r1~alpha4_pm_hrev49060-1)
	checksum: 757df678d0e224182e004c26587ce5ff900693d36fd6ef5051cf4ee523d079ea
haiku_devel (r1~alpha4_pm_hrev49060-1)
	checksum: 2960180e9fc66e161d70ea45c8d508deb28c5650f7957646117433fd4a7982a5
haiku_loader (r1~alpha4_pm_hrev49060-1)
	checksum: 43ba16af1c9d8f367113735c42ad00cea39899c24f3b66bb8996607b53a2be84
haiku_userguide (r1~alpha4_pm_hrev49060-1)
	checksum: fab30561392f92f554ae7562f35f23ff52ca4b5212ee9dacf56951e1dc3d7a89
haiku_welcome (r1~alpha4_pm_hrev49060-1)
	checksum: 232df01beb38249d5de9d0e5a7537911209674eeb1c09b428c9f48db3f62a010
makefile_engine (r1~alpha4_pm_hrev49060-1)
	checksum: 7ae03ae990f9bf21175158f68268c4566f3923c8c272545c18cf715ea1106984
netfs (r1~alpha4_pm_hrev49060-1)
	checksum: f1c9f079f776d78454156c1be0212664753490381ec2fc6bc9ad3ed64979b0ad
userland_fs (r1~alpha4_pm_hrev49060-1)
	checksum: e3a310ea1224debffca8a62792df7c679889bd55c5c1bc9084071ce57f27ccc5
webpositive (r1~alpha4_pm_hrev49060-1)
	checksum: 442edd67c9bc9ba45a7e249d56b3f4194c03d62f356eff07d594bfd7ae293171
----- Package Repository Info -----
package count                     9
-----------------------------------
header size:                     72
repository header size:      299894
package attributes size:       3815
total size:                   93013
-----------------------------------
AddTargetVariableToScript1 <unique!target>_target_291 
AppendToContainerCopyFilesScriptSingleFile <HaikuImage>haiku.image-copy-files-dummy-system/cache/package-repositories-<repository-cache>repo 
AddVariableToScript1 /home/xinyx/software/Edison/haiku/generated/haiku.image-init-vars 
AppendToContainerCopyFilesScript <HaikuImage>haiku.image-copy-files-dummy-system/cache/package-repositories 
BuildHaikuImage1 /home/xinyx/software/Edison/haiku/generated/haiku-nightly.image 

Creating image ...
Writing boot code to "/home/xinyx/software/Edison/haiku/generated/haiku-nightly.image" (partition offset: 0 bytes, start offset = 0) ...
Populating image ...
Extracting /home/xinyx/software/Edison/haiku/generated/download/WebPositiveBookmarks-2014-07-21.zip ...
Resolving package dependencies ...
Extracting /home/xinyx/software/Edison/haiku/generated/download/man-1.6g-3-x86.hpkg ...
Extracting /home/xinyx/software/Edison/haiku/generated/download/openssh-6.0p1-8-x86.hpkg ...
Extracting /home/xinyx/software/Edison/haiku/generated/download/less-451-4-x86.hpkg ...
Extracting /home/xinyx/software/Edison/haiku/generated/download/wget-1.16.3-1-x86.hpkg ...
Extracting /home/xinyx/software/Edison/haiku/generated/download/cdrtools-3.01~a27-1-x86.hpkg ...
Unmounting ...
...updated 940 target(s)...
